Archive member included to satisfy reference by file (symbol)

G:\CubeProject\H7_Voice\DSP\GCC\libarm_cortexM7lfsp_math.a(arm_min_f32.o)
                              ./MyCode/Src/workman.o (arm_min_f32)
G:\CubeProject\H7_Voice\DSP\GCC\libarm_cortexM7lfsp_math.a(arm_max_f32.o)
                              ./MyCode/Src/workman.o (arm_max_f32)
G:\CubeProject\H7_Voice\DSP\GCC\libarm_cortexM7lfsp_math.a(arm_rfft_fast_init_f32.o)
                              ./MyCode/Src/workman.o (arm_rfft_fast_init_f32)
G:\CubeProject\H7_Voice\DSP\GCC\libarm_cortexM7lfsp_math.a(arm_rfft_fast_f32.o)
                              ./MyCode/Src/workman.o (arm_rfft_fast_f32)
G:\CubeProject\H7_Voice\DSP\GCC\libarm_cortexM7lfsp_math.a(arm_cfft_f32.o)
                              G:\CubeProject\H7_Voice\DSP\GCC\libarm_cortexM7lfsp_math.a(arm_rfft_fast_f32.o) (arm_cfft_f32)
G:\CubeProject\H7_Voice\DSP\GCC\libarm_cortexM7lfsp_math.a(arm_bitreversal2.o)
                              G:\CubeProject\H7_Voice\DSP\GCC\libarm_cortexM7lfsp_math.a(arm_cfft_f32.o) (arm_bitreversal_32)
G:\CubeProject\H7_Voice\DSP\GCC\libarm_cortexM7lfsp_math.a(arm_cmplx_mag_f32.o)
                              ./MyCode/Src/workman.o (arm_cmplx_mag_f32)
G:\CubeProject\H7_Voice\DSP\GCC\libarm_cortexM7lfsp_math.a(arm_common_tables.o)
                              G:\CubeProject\H7_Voice\DSP\GCC\libarm_cortexM7lfsp_math.a(arm_rfft_fast_init_f32.o) (twiddleCoef_rfft_4096)
G:\CubeProject\H7_Voice\DSP\GCC\libarm_cortexM7lfsp_math.a(arm_cfft_radix8_f32.o)
                              G:\CubeProject\H7_Voice\DSP\GCC\libarm_cortexM7lfsp_math.a(arm_cfft_f32.o) (arm_radix8_butterfly_f32)
g:/cubeide/stm32cubeide_1.6.1/stm32cubeide/plugins/com.st.stm32cube.ide.mcu.externaltools.gnu-tools-for-stm32.10.3-2021.10.win32_1.0.0.202111181127/tools/bin/../lib/gcc/arm-none-eabi/10.3.1/../../../../arm-none-eabi/lib/thumb/v7e-m+dp/hard\libc_nano.a(lib_a-errno.o)
                              ./Core/Src/syscalls.o (__errno)
g:/cubeide/stm32cubeide_1.6.1/stm32cubeide/plugins/com.st.stm32cube.ide.mcu.externaltools.gnu-tools-for-stm32.10.3-2021.10.win32_1.0.0.202111181127/tools/bin/../lib/gcc/arm-none-eabi/10.3.1/../../../../arm-none-eabi/lib/thumb/v7e-m+dp/hard\libc_nano.a(lib_a-exit.o)
                              g:/cubeide/stm32cubeide_1.6.1/stm32cubeide/plugins/com.st.stm32cube.ide.mcu.externaltools.gnu-tools-for-stm32.10.3-2021.10.win32_1.0.0.202111181127/tools/bin/../lib/gcc/arm-none-eabi/10.3.1/../../../../arm-none-eabi/lib/thumb/v7e-m+dp/hard/crt0.o (exit)
g:/cubeide/stm32cubeide_1.6.1/stm32cubeide/plugins/com.st.stm32cube.ide.mcu.externaltools.gnu-tools-for-stm32.10.3-2021.10.win32_1.0.0.202111181127/tools/bin/../lib/gcc/arm-none-eabi/10.3.1/../../../../arm-none-eabi/lib/thumb/v7e-m+dp/hard\libc_nano.a(lib_a-impure.o)
                              g:/cubeide/stm32cubeide_1.6.1/stm32cubeide/plugins/com.st.stm32cube.ide.mcu.externaltools.gnu-tools-for-stm32.10.3-2021.10.win32_1.0.0.202111181127/tools/bin/../lib/gcc/arm-none-eabi/10.3.1/../../../../arm-none-eabi/lib/thumb/v7e-m+dp/hard\libc_nano.a(lib_a-exit.o) (_global_impure_ptr)
g:/cubeide/stm32cubeide_1.6.1/stm32cubeide/plugins/com.st.stm32cube.ide.mcu.externaltools.gnu-tools-for-stm32.10.3-2021.10.win32_1.0.0.202111181127/tools/bin/../lib/gcc/arm-none-eabi/10.3.1/../../../../arm-none-eabi/lib/thumb/v7e-m+dp/hard\libc_nano.a(lib_a-init.o)
                              g:/cubeide/stm32cubeide_1.6.1/stm32cubeide/plugins/com.st.stm32cube.ide.mcu.externaltools.gnu-tools-for-stm32.10.3-2021.10.win32_1.0.0.202111181127/tools/bin/../lib/gcc/arm-none-eabi/10.3.1/../../../../arm-none-eabi/lib/thumb/v7e-m+dp/hard/crt0.o (__libc_init_array)
g:/cubeide/stm32cubeide_1.6.1/stm32cubeide/plugins/com.st.stm32cube.ide.mcu.externaltools.gnu-tools-for-stm32.10.3-2021.10.win32_1.0.0.202111181127/tools/bin/../lib/gcc/arm-none-eabi/10.3.1/../../../../arm-none-eabi/lib/thumb/v7e-m+dp/hard\libc_nano.a(lib_a-memset.o)
                              g:/cubeide/stm32cubeide_1.6.1/stm32cubeide/plugins/com.st.stm32cube.ide.mcu.externaltools.gnu-tools-for-stm32.10.3-2021.10.win32_1.0.0.202111181127/tools/bin/../lib/gcc/arm-none-eabi/10.3.1/../../../../arm-none-eabi/lib/thumb/v7e-m+dp/hard/crt0.o (memset)
g:/cubeide/stm32cubeide_1.6.1/stm32cubeide/plugins/com.st.stm32cube.ide.mcu.externaltools.gnu-tools-for-stm32.10.3-2021.10.win32_1.0.0.202111181127/tools/bin/../lib/gcc/arm-none-eabi/10.3.1/../../../../arm-none-eabi/lib/thumb/v7e-m+dp/hard\libc_nano.a(lib_a-nano-vfprintf_float.o)
                              (_printf_float)
g:/cubeide/stm32cubeide_1.6.1/stm32cubeide/plugins/com.st.stm32cube.ide.mcu.externaltools.gnu-tools-for-stm32.10.3-2021.10.win32_1.0.0.202111181127/tools/bin/../lib/gcc/arm-none-eabi/10.3.1/../../../../arm-none-eabi/lib/thumb/v7e-m+dp/hard\libc_nano.a(lib_a-nano-vfprintf_i.o)
[...]
Memory Configuration

Name             Origin             Length             Attributes
FLASH            0x0000000008000000 0x0000000000200000 xr
DTCMRAM          0x0000000020000000 0x0000000000020000 xrw
RAM_D1           0x0000000024000000 0x0000000000080000 xrw
RAM_D2           0x0000000030000000 0x0000000000048000 xrw
RAM_D3           0x0000000038000000 0x0000000000010000 xrw
ITCMRAM          0x0000000000000000 0x0000000000010000 xrw
*default*        0x0000000000000000 0xffffffffffffffff

Linker script and memory map

LOAD g:/cubeide/stm32cubeide_1.6.1/stm32cubeide/plugins/com.st.stm32cube.ide.mcu.externaltools.gnu-tools-for-stm32.10.3-2021.10.win32_1.0.0.202111181127/tools/bin/../lib/gcc/arm-none-eabi/10.3.1/thumb/v7e-m+dp/hard/crti.o
LOAD g:/cubeide/stm32cubeide_1.6.1/stm32cubeide/plugins/com.st.stm32cube.ide.mcu.externaltools.gnu-tools-for-stm32.10.3-2021.10.win32_1.0.0.202111181127/tools/bin/../lib/gcc/arm-none-eabi/10.3.1/thumb/v7e-m+dp/hard/crtbegin.o
LOAD g:/cubeide/stm32cubeide_1.6.1/stm32cubeide/plugins/com.st.stm32cube.ide.mcu.externaltools.gnu-tools-for-stm32.10.3-2021.10.win32_1.0.0.202111181127/tools/bin/../lib/gcc/arm-none-eabi/10.3.1/../../../../arm-none-eabi/lib/thumb/v7e-m+dp/hard/crt0.o
LOAD ./Core/Src/adc.o
LOAD ./Core/Src/dma.o
LOAD ./Core/Src/gpio.o
LOAD ./Core/Src/main.o
LOAD ./Core/Src/stm32h7xx_hal_msp.o
LOAD ./Core/Src/stm32h7xx_it.o
LOAD ./Core/Src/syscalls.o
LOAD ./Core/Src/sysmem.o
LOAD ./Core/Src/system_stm32h7xx.o
LOAD ./Core/Src/tim.o
LOAD ./Core/Src/usart.o
LOAD ./Core/Startup/startup_stm32h743iitx.o
LOAD ./Drivers/STM32H7xx_HAL_Driver/Src/stm32h7xx_hal.o
LOAD ./Drivers/STM32H7xx_HAL_Driver/Src/stm32h7xx_hal_adc.o
LOAD ./Drivers/STM32H7xx_HAL_Driver/Src/stm32h7xx_hal_adc_ex.o
LOAD ./Drivers/STM32H7xx_HAL_Driver/Src/stm32h7xx_hal_cortex.o
LOAD ./Drivers/STM32H7xx_HAL_Driver/Src/stm32h7xx_hal_dma.o
LOAD ./Drivers/STM32H7xx_HAL_Driver/Src/stm32h7xx_hal_dma_ex.o
LOAD ./Drivers/STM32H7xx_HAL_Driver/Src/stm32h7xx_hal_exti.o
LOAD ./Drivers/STM32H7xx_HAL_Driver/Src/stm32h7xx_hal_flash.o
LOAD ./Drivers/STM32H7xx_HAL_Driver/Src/stm32h7xx_hal_flash_ex.o
LOAD ./Drivers/STM32H7xx_HAL_Driver/Src/stm32h7xx_hal_gpio.o
LOAD ./Drivers/STM32H7xx_HAL_Driver/Src/stm32h7xx_hal_hsem.o
LOAD ./Drivers/STM32H7xx_HAL_Driver/Src/stm32h7xx_hal_i2c.o
LOAD ./Drivers/STM32H7xx_HAL_Driver/Src/stm32h7xx_hal_i2c_ex.o
LOAD ./Drivers/STM32H7xx_HAL_Driver/Src/stm32h7xx_hal_mdma.o
LOAD ./Drivers/STM32H7xx_HAL_Driver/Src/stm32h7xx_hal_pwr.o
LOAD ./Drivers/STM32H7xx_HAL_Driver/Src/stm32h7xx_hal_pwr_ex.o
LOAD ./Drivers/STM32H7xx_HAL_Driver/Src/stm32h7xx_hal_rcc.o
LOAD ./Drivers/STM32H7xx_HAL_Driver/Src/stm32h7xx_hal_rcc_ex.o
LOAD ./Drivers/STM32H7xx_HAL_Driver/Src/stm32h7xx_hal_tim.o
LOAD ./Drivers/STM32H7xx_HAL_Driver/Src/stm32h7xx_hal_tim_ex.o
LOAD ./Drivers/STM32H7xx_HAL_Driver/Src/stm32h7xx_hal_uart.o
LOAD ./Drivers/STM32H7xx_HAL_Driver/Src/stm32h7xx_hal_uart_ex.o
LOAD ./MyCode/Src/kalman.o
LOAD ./MyCode/Src/tft.o
LOAD ./MyCode/Src/workman.o
LOAD G:\CubeProject\H7_Voice\DSP\GCC\libarm_cortexM7lfsp_math.a
START GROUP
LOAD g:/cubeide/stm32cubeide_1.6.1/stm32cubeide/plugins/com.st.stm32cube.ide.mcu.externaltools.gnu-tools-for-stm32.10.3-2021.10.win32_1.0.0.202111181127/tools/bin/../lib/gcc/arm-none-eabi/10.3.1/../../../../arm-none-eabi/lib/thumb/v7e-m+dp/hard\libc_nano.a
LOAD g:/cubeide/stm32cubeide_1.6.1/stm32cubeide/plugins/com.st.stm32cube.ide.mcu.externaltools.gnu-tools-for-stm32.10.3-2021.10.win32_1.0.0.202111181127/tools/bin/../lib/gcc/arm-none-eabi/10.3.1/../../../../arm-none-eabi/lib/thumb/v7e-m+dp/hard\libm.a
END GROUP
START GROUP
LOAD g:/cubeide/stm32cubeide_1.6.1/stm32cubeide/plugins/com.st.stm32cube.ide.mcu.externaltools.gnu-tools-for-stm32.10.3-2021.10.win32_1.0.0.202111181127/tools/bin/../lib/gcc/arm-none-eabi/10.3.1/thumb/v7e-m+dp/hard\libgcc.a
LOAD g:/cubeide/stm32cubeide_1.6.1/stm32cubeide/plugins/com.st.stm32cube.ide.mcu.externaltools.gnu-tools-for-stm32.10.3-2021.10.win32_1.0.0.202111181127/tools/bin/../lib/gcc/arm-none-eabi/10.3.1/../../../../arm-none-eabi/lib/thumb/v7e-m+dp/hard\libc_nano.a
END GROUP
START GROUP
LOAD g:/cubeide/stm32cubeide_1.6.1/stm32cubeide/plugins/com.st.stm32cube.ide.mcu.externaltools.gnu-tools-for-stm32.10.3-2021.10.win32_1.0.0.202111181127/tools/bin/../lib/gcc/arm-none-eabi/10.3.1/thumb/v7e-m+dp/hard\libgcc.a
LOAD g:/cubeide/stm32cubeide_1.6.1/stm32cubeide/plugins/com.st.stm32cube.ide.mcu.externaltools.gnu-tools-for-stm32.10.3-2021.10.win32_1.0.0.202111181127/tools/bin/../lib/gcc/arm-none-eabi/10.3.1/../../../../arm-none-eabi/lib/thumb/v7e-m+dp/hard\libc_nano.a
LOAD g:/cubeide/stm32cubeide_1.6.1/stm32cubeide/plugins/com.st.stm32cube.ide.mcu.externaltools.gnu-tools-for-stm32.10.3-2021.10.win32_1.0.0.202111181127/tools/bin/../lib/gcc/arm-none-eabi/10.3.1/../../../../arm-none-eabi/lib/thumb/v7e-m+dp/hard\libnosys.a
END GROUP
START GROUP
LOAD g:/cubeide/stm32cubeide_1.6.1/stm32cubeide/plugins/com.st.stm32cube.ide.mcu.externaltools.gnu-tools-for-stm32.10.3-2021.10.win32_1.0.0.202111181127/tools/bin/../lib/gcc/arm-none-eabi/10.3.1/thumb/v7e-m+dp/hard\libgcc.a
LOAD g:/cubeide/stm32cubeide_1.6.1/stm32cubeide/plugins/com.st.stm32cube.ide.mcu.externaltools.gnu-tools-for-stm32.10.3-2021.10.win32_1.0.0.202111181127/tools/bin/../lib/gcc/arm-none-eabi/10.3.1/../../../../arm-none-eabi/lib/thumb/v7e-m+dp/hard\libc_nano.a
LOAD g:/cubeide/stm32cubeide_1.6.1/stm32cubeide/plugins/com.st.stm32cube.ide.mcu.externaltools.gnu-tools-for-stm32.10.3-2021.10.win32_1.0.0.202111181127/tools/bin/../lib/gcc/arm-none-eabi/10.3.1/../../../../arm-none-eabi/lib/thumb/v7e-m+dp/hard\libnosys.a
END GROUP
LOAD g:/cubeide/stm32cubeide_1.6.1/stm32cubeide/plugins/com.st.stm32cube.ide.mcu.externaltools.gnu-tools-for-stm32.10.3-2021.10.win32_1.0.0.202111181127/tools/bin/../lib/gcc/arm-none-eabi/10.3.1/thumb/v7e-m+dp/hard/crtend.o
LOAD g:/cubeide/stm32cubeide_1.6.1/stm32cubeide/plugins/com.st.stm32cube.ide.mcu.externaltools.gnu-tools-for-stm32.10.3-2021.10.win32_1.0.0.202111181127/tools/bin/../lib/gcc/arm-none-eabi/10.3.1/thumb/v7e-m+dp/hard/crtn.o
                0x0000000024080000                _estack = (ORIGIN (RAM_D1) + LENGTH (RAM_D1))
                0x0000000000000200                _Min_Heap_Size = 0x200
                0x0000000000000400                _Min_Stack_Size = 0x400

.isr_vector     0x0000000008000000      0x298
                0x0000000008000000                . = ALIGN (0x4)
 *(.isr_vector)
 .isr_vector    0x0000000008000000      0x298 ./Core/Startup/startup_stm32h743iitx.o
                0x0000000008000000                g_pfnVectors
                0x0000000008000298                . = ALIGN (0x4)

.text           0x00000000080002a0    0x12ac4
                0x00000000080002a0                . = ALIGN (0x4)
 *(.text)
 .text          0x00000000080002a0       0x40 g:/cubeide/stm32cubeide_1.6.1/stm32cubeide/plugins/com.st.stm32cube.ide.mcu.externaltools.gnu-tools-for-stm32.10.3-2021.10.win32_1.0.0.202111181127/tools/bin/../lib/gcc/arm-none-eabi/10.3.1/thumb/v7e-m+dp/hard/crtbegin.o
 .text          0x00000000080002e0       0x10 g:/cubeide/stm32cubeide_1.6.1/stm32cubeide/plugins/com.st.stm32cube.ide.mcu.externaltools.gnu-tools-for-stm32.10.3-2021.10.win32_1.0.0.202111181127/tools/bin/../lib/gcc/arm-none-eabi/10.3.1/../../../../arm-none-eabi/lib/thumb/v7e-m+dp/hard\libc_nano.a(lib_a-strlen.o)
                0x00000000080002e0                strlen
 .text          0x00000000080002f0       0xa0 g:/cubeide/stm32cubeide_1.6.1/stm32cubeide/plugins/com.st.stm32cube.ide.mcu.externaltools.gnu-tools-for-stm32.10.3-2021.10.win32_1.0.0.202111181127/tools/bin/../lib/gcc/arm-none-eabi/10.3.1/../../../../arm-none-eabi/lib/thumb/v7e-m+dp/hard\libc_nano.a(lib_a-memchr.o)
                0x00000000080002f0                memchr
 .text          0x0000000008000390      0x378 g:/cubeide/stm32cubeide_1.6.1/stm32cubeide/plugins/com.st.stm32cube.ide.mcu.externaltools.gnu-tools-for-stm32.10.3-2021.10.win32_1.0.0.202111181127/tools/bin/../lib/gcc/arm-none-eabi/10.3.1/thumb/v7e-m+dp/hard\libgcc.a(_arm_addsubdf3.o)
                0x0000000008000390                __aeabi_drsub
                0x0000000008000398                __aeabi_dsub
                0x0000000008000398                __subdf3
                0x000000000800039c                __aeabi_dadd
                0x000000000800039c                __adddf3
                0x0000000008000614                __floatunsidf
                0x0000000008000614                __aeabi_ui2d
                0x0000000008000634                __floatsidf
                0x0000000008000634                __aeabi_i2d
                0x0000000008000658                __aeabi_f2d
                0x0000000008000658                __extendsfdf2
                0x000000000800069c                __floatundidf
                0x000000000800069c                __aeabi_ul2d
                0x00000000080006ac                __floatdidf
                0x00000000080006ac                __aeabi_l2d
 .text          0x0000000008000708       0x30 g:/cubeide/stm32cubeide_1.6.1/stm32cubeide/plugins/com.st.stm32cube.ide.mcu.externaltools.gnu-tools-for-stm32.10.3-2021.10.win32_1.0.0.202111181127/tools/bin/../lib/gcc/arm-none-eabi/10.3.1/thumb/v7e-m+dp/hard\libgcc.a(_aeabi_uldivmod.o)
                0x0000000008000708                __aeabi_uldivmod
 .text          0x0000000008000738      0x2d0 g:/cubeide/stm32cubeide_1.6.1/stm32cubeide/plugins/com.st.stm32cube.ide.mcu.externaltools.gnu-tools-for-stm32.10.3-2021.10.win32_1.0.0.202111181127/tools/bin/../lib/gcc/arm-none-eabi/10.3.1/thumb/v7e-m+dp/hard\libgcc.a(_udivmoddi4.o)
                0x0000000008000738                __udivmoddi4
 .text          0x0000000008000a08        0x4 g:/cubeide/stm32cubeide_1.6.1/stm32cubeide/plugins/com.st.stm32cube.ide.mcu.externaltools.gnu-tools-for-stm32.10.3-2021.10.win32_1.0.0.202111181127/tools/bin/../lib/gcc/arm-none-eabi/10.3.1/thumb/v7e-m+dp/hard\libgcc.a(_dvmd_tls.o)
                0x0000000008000a08                __aeabi_idiv0
                0x0000000008000a08                __aeabi_ldiv0
 *(.text*)
 .text.MX_ADC1_Init
                0x0000000008000a0c      0x1d8 ./Core/Src/adc.o
                0x0000000008000a0c                MX_ADC1_Init
 .text.HAL_ADC_MspInit
                0x0000000008000be4      0x148 ./Core/Src/adc.o
                0x0000000008000be4                HAL_ADC_MspInit
 .text.MX_DMA_Init
                0x0000000008000d2c       0x34 ./Core/Src/dma.o
                0x0000000008000d2c                MX_DMA_Init
 .text.MX_GPIO_Init
                0x0000000008000d60       0xe4 ./Core/Src/gpio.o
                0x0000000008000d60                MX_GPIO_Init
 .text.main     0x0000000008000e44       0x36 ./Core/Src/main.o
                0x0000000008000e44                main
 *fill*         0x0000000008000e7a        0x2 
 .text.SystemClock_Config
                0x0000000008000e7c      0x16c ./Core/Src/main.o
                0x0000000008000e7c                SystemClock_Config
 .text.Error_Handler
                0x0000000008000fe8        0xa ./Core/Src/main.o
                0x0000000008000fe8                Error_Handler
 *fill*         0x0000000008000ff2        0x2 
 .text.HAL_MspInit
                0x0000000008000ff4       0x34 ./Core/Src/stm32h7xx_hal_msp.o
                0x0000000008000ff4                HAL_MspInit
 .text.NMI_Handler
                0x0000000008001028        0x6 ./Core/Src/stm32h7xx_it.o
                0x0000000008001028                NMI_Handler
 .text.HardFault_Handler
                0x000000000800102e        0x6 ./Core/Src/stm32h7xx_it.o
                0x000000000800102e                HardFault_Handler
 .text.MemManage_Handler
                0x0000000008001034        0x6 ./Core/Src/stm32h7xx_it.o
                0x0000000008001034                MemManage_Handler
 .text.BusFault_Handler
                0x000000000800103a        0x6 ./Core/Src/stm32h7xx_it.o
                0x000000000800103a                BusFault_Handler
 .text.UsageFault_Handler
                0x0000000008001040        0x6 ./Core/Src/stm32h7xx_it.o
                0x0000000008001040                UsageFault_Handler
 .text.SVC_Handler
                0x0000000008001046        0xe ./Core/Src/stm32h7xx_it.o
                0x0000000008001046                SVC_Handler
 .text.DebugMon_Handler
                0x0000000008001054        0xe ./Core/Src/stm32h7xx_it.o
                0x0000000008001054                DebugMon_Handler
 .text.PendSV_Handler
                0x0000000008001062        0xe ./Core/Src/stm32h7xx_it.o
                0x0000000008001062                PendSV_Handler
 .text.SysTick_Handler
                0x0000000008001070        0xc ./Core/Src/stm32h7xx_it.o
                0x0000000008001070                SysTick_Handler
 .text.TIM3_IRQHandler
                0x000000000800107c       0x18 ./Core/Src/stm32h7xx_it.o
                0x000000000800107c                TIM3_IRQHandler
 .text.USART6_IRQHandler
                0x0000000008001094       0x54 ./Core/Src/stm32h7xx_it.o
                0x0000000008001094                USART6_IRQHandler
 .text._getpid  0x00000000080010e8       0x10 ./Core/Src/syscalls.o
                0x00000000080010e8                _getpid
 .text._kill    0x00000000080010f8       0x20 ./Core/Src/syscalls.o
                0x00000000080010f8                _kill
 .text._exit    0x0000000008001118       0x14 ./Core/Src/syscalls.o
                0x0000000008001118                _exit
 .text._read    0x000000000800112c       0x3a ./Core/Src/syscalls.o
                0x000000000800112c                _read
 .text._write   0x0000000008001166       0x38 ./Core/Src/syscalls.o
                0x0000000008001166                _write
 .text._close   0x000000000800119e       0x18 ./Core/Src/syscalls.o
                0x000000000800119e                _close
 .text._fstat   0x00000000080011b6       0x20 ./Core/Src/syscalls.o
                0x00000000080011b6                _fstat
 .text._isatty  0x00000000080011d6       0x16 ./Core/Src/syscalls.o
                0x00000000080011d6                _isatty
 .text._lseek   0x00000000080011ec       0x1a ./Core/Src/syscalls.o
                0x00000000080011ec                _lseek
 *fill*         0x0000000008001206        0x2 
 .text._sbrk    0x0000000008001208       0x6c ./Core/Src/sysmem.o
                0x0000000008001208                _sbrk
 .text.SystemInit
                0x0000000008001274      0x110 ./Core/Src/system_stm32h7xx.o
                0x0000000008001274                SystemInit
 .text.MX_TIM2_Init
                0x0000000008001384       0x9c ./Core/Src/tim.o
                0x0000000008001384                MX_TIM2_Init
 .text.MX_TIM3_Init
                0x0000000008001420       0x9c ./Core/Src/tim.o
                0x0000000008001420                MX_TIM3_Init
 .text.MX_TIM4_Init
                0x00000000080014bc       0xf0 ./Core/Src/tim.o
                0x00000000080014bc                MX_TIM4_Init
 .text.HAL_TIM_Base_MspInit
                0x00000000080015ac       0xa8 ./Core/Src/tim.o
                0x00000000080015ac                HAL_TIM_Base_MspInit
 .text.HAL_TIM_MspPostInit
                0x0000000008001654       0x78 ./Core/Src/tim.o
                0x0000000008001654                HAL_TIM_MspPostInit
 .text.MX_USART3_UART_Init
                0x00000000080016cc       0x98 ./Core/Src/usart.o
                0x00000000080016cc                MX_USART3_UART_Init
 .text.MX_USART6_UART_Init
                0x0000000008001764       0x98 ./Core/Src/usart.o
                0x0000000008001764                MX_USART6_UART_Init
 .text.HAL_UART_MspInit
                0x00000000080017fc      0x174 ./Core/Src/usart.o
                0x00000000080017fc                HAL_UART_MspInit
 .text.Reset_Handler
                0x0000000008001970       0x50 ./Core/Startup/startup_stm32h743iitx.o
                0x0000000008001970                Reset_Handler
 .text.Default_Handler
                0x00000000080019c0        0x2 ./Core/Startup/startup_stm32h743iitx.o
                0x00000000080019c0                RTC_Alarm_IRQHandler
                0x00000000080019c0                EXTI2_IRQHandler
                0x00000000080019c0                TIM8_CC_IRQHandler
                0x00000000080019c0                HRTIM1_Master_IRQHandler
                0x00000000080019c0                UART8_IRQHandler
                0x00000000080019c0                SPI4_IRQHandler
                0x00000000080019c0                TIM1_CC_IRQHandler
                0x00000000080019c0                BDMA_Channel6_IRQHandler
                0x00000000080019c0                DMA2_Stream5_IRQHandler
                0x00000000080019c0                HRTIM1_FLT_IRQHandler
                0x00000000080019c0                JPEG_IRQHandler
                0x00000000080019c0                DMA1_Stream5_IRQHandler
                0x00000000080019c0                BDMA_Channel1_IRQHandler
                0x00000000080019c0                HRTIM1_TIMD_IRQHandler
                0x00000000080019c0                TAMP_STAMP_IRQHandler
                0x00000000080019c0                EXTI3_IRQHandler
                0x00000000080019c0                LPTIM4_IRQHandler
                0x00000000080019c0                TIM8_TRG_COM_TIM14_IRQHandler
                0x00000000080019c0                LPTIM2_IRQHandler
                0x00000000080019c0                DFSDM1_FLT1_IRQHandler
                0x00000000080019c0                DMAMUX2_OVR_IRQHandler
                0x00000000080019c0                TIM8_UP_TIM13_IRQHandler
                0x00000000080019c0                I2C3_ER_IRQHandler
                0x00000000080019c0                DFSDM1_FLT2_IRQHandler
                0x00000000080019c0                MDMA_IRQHandler
                0x00000000080019c0                LPTIM3_IRQHandler
                0x00000000080019c0                HSEM1_IRQHandler
                0x00000000080019c0                EXTI0_IRQHandler
                0x00000000080019c0                I2C2_EV_IRQHandler
                0x00000000080019c0                DMA1_Stream2_IRQHandler
                0x00000000080019c0                FPU_IRQHandler
                0x00000000080019c0                OTG_HS_WKUP_IRQHandler
                0x00000000080019c0                FDCAN1_IT1_IRQHandler
                0x00000000080019c0                LTDC_ER_IRQHandler
                0x00000000080019c0                DMA2_Stream2_IRQHandler
                0x00000000080019c0                HRTIM1_TIME_IRQHandler
                0x00000000080019c0                SPI1_IRQHandler
                0x00000000080019c0                TIM6_DAC_IRQHandler
                0x00000000080019c0                DCMI_IRQHandler
                0x00000000080019c0                HRTIM1_TIMC_IRQHandler
                0x00000000080019c0                DMA2_Stream3_IRQHandler
                0x00000000080019c0                SAI2_IRQHandler
                0x00000000080019c0                DFSDM1_FLT3_IRQHandler
                0x00000000080019c0                TIM17_IRQHandler
                0x00000000080019c0                USART3_IRQHandler
                0x00000000080019c0                BDMA_Channel7_IRQHandler
                0x00000000080019c0                LPTIM5_IRQHandler
                0x00000000080019c0                UART5_IRQHandler
                0x00000000080019c0                ADC3_IRQHandler
                0x00000000080019c0                DMA2_Stream0_IRQHandler
                0x00000000080019c0                TIM4_IRQHandler
                0x00000000080019c0                BDMA_Channel2_IRQHandler
                0x00000000080019c0                QUADSPI_IRQHandler
                0x00000000080019c0                I2C1_EV_IRQHandler
                0x00000000080019c0                DMA1_Stream6_IRQHandler
                0x00000000080019c0                DMAMUX1_OVR_IRQHandler
                0x00000000080019c0                DMA1_Stream1_IRQHandler
                0x00000000080019c0                TIM16_IRQHandler
                0x00000000080019c0                UART4_IRQHandler
                0x00000000080019c0                BDMA_Channel5_IRQHandler
                0x00000000080019c0                RCC_IRQHandler
                0x00000000080019c0                TIM8_BRK_TIM12_IRQHandler
                0x00000000080019c0                TIM1_TRG_COM_IRQHandler
                0x00000000080019c0                Default_Handler
                0x00000000080019c0                ECC_IRQHandler
                0x00000000080019c0                CEC_IRQHandler
                0x00000000080019c0                EXTI15_10_IRQHandler
                0x00000000080019c0                BDMA_Channel0_IRQHandler
                0x00000000080019c0                ADC_IRQHandler
                0x00000000080019c0                DMA1_Stream7_IRQHandler
                0x00000000080019c0                HRTIM1_TIMA_IRQHandler
                0x00000000080019c0                SPI5_IRQHandler
                0x00000000080019c0                TIM7_IRQHandler
                0x00000000080019c0                SDMMC1_IRQHandler
                0x00000000080019c0                TIM5_IRQHandler
                0x00000000080019c0                DMA2_Stream7_IRQHandler
                0x00000000080019c0                TIM15_IRQHandler
                0x00000000080019c0                PVD_AVD_IRQHandler
                0x00000000080019c0                I2C3_EV_IRQHandler
                0x00000000080019c0                EXTI9_5_IRQHandler
                0x00000000080019c0                RTC_WKUP_IRQHandler
                0x00000000080019c0                LTDC_IRQHandler
                0x00000000080019c0                SAI3_IRQHandler
                0x00000000080019c0                ETH_WKUP_IRQHandler
                0x00000000080019c0                SPDIF_RX_IRQHandler
                0x00000000080019c0                SPI2_IRQHandler
                0x00000000080019c0                OTG_HS_EP1_IN_IRQHandler
                0x00000000080019c0                DMA1_Stream0_IRQHandler
                0x00000000080019c0                CRS_IRQHandler
                0x00000000080019c0                EXTI4_IRQHandler
                0x00000000080019c0                RNG_IRQHandler
                0x00000000080019c0                HRTIM1_TIMB_IRQHandler
                0x00000000080019c0                FDCAN2_IT1_IRQHandler
                0x00000000080019c0                ETH_IRQHandler
                0x00000000080019c0                TIM1_UP_IRQHandler
                0x00000000080019c0                BDMA_Channel4_IRQHandler
                0x00000000080019c0                OTG_HS_EP1_OUT_IRQHandler
                0x00000000080019c0                WWDG_IRQHandler
                0x00000000080019c0                SPI6_IRQHandler
                0x00000000080019c0                MDIOS_IRQHandler
                0x00000000080019c0                I2C4_EV_IRQHandler
                0x00000000080019c0                FDCAN2_IT0_IRQHandler
                0x00000000080019c0                LPUART1_IRQHandler
                0x00000000080019c0                FDCAN1_IT0_IRQHandler
                0x00000000080019c0                TIM2_IRQHandler
                0x00000000080019c0                OTG_FS_WKUP_IRQHandler
                0x00000000080019c0                OTG_HS_IRQHandler
                0x00000000080019c0                DMA2D_IRQHandler
                0x00000000080019c0                TIM1_BRK_IRQHandler
                0x00000000080019c0                EXTI1_IRQHandler
                0x00000000080019c0                SDMMC2_IRQHandler
                0x00000000080019c0                OTG_FS_EP1_OUT_IRQHandler
                0x00000000080019c0                BDMA_Channel3_IRQHandler
                0x00000000080019c0                UART7_IRQHandler
                0x00000000080019c0                MDIOS_WKUP_IRQHandler
                0x00000000080019c0                USART2_IRQHandler
                0x00000000080019c0                DFSDM1_FLT0_IRQHandler
                0x00000000080019c0                SAI4_IRQHandler
                0x00000000080019c0                I2C2_ER_IRQHandler
                0x00000000080019c0                DMA2_Stream1_IRQHandler
                0x00000000080019c0                FLASH_IRQHandler
                0x00000000080019c0                DMA2_Stream4_IRQHandler
                0x00000000080019c0                USART1_IRQHandler
                0x00000000080019c0                OTG_FS_IRQHandler
                0x00000000080019c0                SPI3_IRQHandler
                0x00000000080019c0                WAKEUP_PIN_IRQHandler
                0x00000000080019c0                DMA1_Stream4_IRQHandler
                0x00000000080019c0                OTG_FS_EP1_IN_IRQHandler
                0x00000000080019c0                I2C1_ER_IRQHandler
                0x00000000080019c0                FMC_IRQHandler
                0x00000000080019c0                FDCAN_CAL_IRQHandler
                0x00000000080019c0                SWPMI1_IRQHandler
                0x00000000080019c0                COMP1_IRQHandler
                0x00000000080019c0                LPTIM1_IRQHandler
                0x00000000080019c0                I2C4_ER_IRQHandler
                0x00000000080019c0                DMA2_Stream6_IRQHandler
                0x00000000080019c0                SAI1_IRQHandler
                0x00000000080019c0                DMA1_Stream3_IRQHandler
 *fill*         0x00000000080019c2        0x2 
 .text.HAL_Init
                0x00000000080019c4       0x78 ./Drivers/STM32H7xx_HAL_Driver/Src/stm32h7xx_hal.o
                0x00000000080019c4                HAL_Init
 .text.HAL_InitTick
                0x0000000008001a3c       0x6c ./Drivers/STM32H7xx_HAL_Driver/Src/stm32h7xx_hal.o
                0x0000000008001a3c                HAL_InitTick
 .text.HAL_IncTick
                0x0000000008001aa8       0x28 ./Drivers/STM32H7xx_HAL_Driver/Src/stm32h7xx_hal.o
                0x0000000008001aa8                HAL_IncTick
 .text.HAL_GetTick
                0x0000000008001ad0       0x18 ./Drivers/STM32H7xx_HAL_Driver/Src/stm32h7xx_hal.o
                0x0000000008001ad0                HAL_GetTick
 .text.HAL_GetREVID
                0x0000000008001ae8       0x18 ./Drivers/STM32H7xx_HAL_Driver/Src/stm32h7xx_hal.o
                0x0000000008001ae8                HAL_GetREVID
 .text.LL_ADC_SetCommonClock
                0x0000000008001b00       0x26 ./Drivers/STM32H7xx_HAL_Driver/Src/stm32h7xx_hal_adc.o
 .text.LL_ADC_SetCommonPathInternalCh
                0x0000000008001b26       0x26 ./Drivers/STM32H7xx_HAL_Driver/Src/stm32h7xx_hal_adc.o
 .text.LL_ADC_GetCommonPathInternalCh
                0x0000000008001b4c       0x1c ./Drivers/STM32H7xx_HAL_Driver/Src/stm32h7xx_hal_adc.o
 .text.LL_ADC_SetOffset
                0x0000000008001b68       0x40 ./Drivers/STM32H7xx_HAL_Driver/Src/stm32h7xx_hal_adc.o
 .text.LL_ADC_SetDataRightShift
                0x0000000008001ba8       0x32 ./Drivers/STM32H7xx_HAL_Driver/Src/stm32h7xx_hal_adc.o
 .text.LL_ADC_SetOffsetSignedSaturation
                0x0000000008001bda       0x36 ./Drivers/STM32H7xx_HAL_Driver/Src/stm32h7xx_hal_adc.o
 .text.LL_ADC_REG_IsTriggerSourceSWStart
                0x0000000008001c10       0x26 ./Drivers/STM32H7xx_HAL_Driver/Src/stm32h7xx_hal_adc.o
 .text.LL_ADC_REG_SetSequencerRanks
                0x0000000008001c36       0x58 ./Drivers/STM32H7xx_HAL_Driver/Src/stm32h7xx_hal_adc.o
 .text.LL_ADC_REG_SetDataTransferMode
                0x0000000008001c8e       0x26 ./Drivers/STM32H7xx_HAL_Driver/Src/stm32h7xx_hal_adc.o
 .text.LL_ADC_SetChannelSamplingTime
                0x0000000008001cb4       0x56 ./Drivers/STM32H7xx_HAL_Driver/Src/stm32h7xx_hal_adc.o
 *fill*         0x0000000008001d0a        0x2 
 .text.LL_ADC_SetChannelSingleDiff
                0x0000000008001d0c       0x48 ./Drivers/STM32H7xx_HAL_Driver/Src/stm32h7xx_hal_adc.o
 .text.LL_ADC_GetMultimode
                0x0000000008001d54       0x1c ./Drivers/STM32H7xx_HAL_Driver/Src/stm32h7xx_hal_adc.o
 .text.LL_ADC_DisableDeepPowerDown
                0x0000000008001d70       0x24 ./Drivers/STM32H7xx_HAL_Driver/Src/stm32h7xx_hal_adc.o
 .text.LL_ADC_IsDeepPowerDownEnabled
                0x0000000008001d94       0x28 ./Drivers/STM32H7xx_HAL_Driver/Src/stm32h7xx_hal_adc.o
 .text.LL_ADC_EnableInternalRegulator
                0x0000000008001dbc       0x28 ./Drivers/STM32H7xx_HAL_Driver/Src/stm32h7xx_hal_adc.o
 .text.LL_ADC_IsInternalRegulatorEnabled
                0x0000000008001de4       0x28 ./Drivers/STM32H7xx_HAL_Driver/Src/stm32h7xx_hal_adc.o
 .text.LL_ADC_Enable
                0x0000000008001e0c       0x28 ./Drivers/STM32H7xx_HAL_Driver/Src/stm32h7xx_hal_adc.o
 .text.LL_ADC_IsEnabled
                0x0000000008001e34       0x26 ./Drivers/STM32H7xx_HAL_Driver/Src/stm32h7xx_hal_adc.o
 *fill*         0x0000000008001e5a        0x2 
 .text.LL_ADC_REG_StartConversion
                0x0000000008001e5c       0x28 ./Drivers/STM32H7xx_HAL_Driver/Src/stm32h7xx_hal_adc.o
 .text.LL_ADC_REG_IsConversionOngoing
                0x0000000008001e84       0x26 ./Drivers/STM32H7xx_HAL_Driver/Src/stm32h7xx_hal_adc.o
 .text.LL_ADC_INJ_IsConversionOngoing
                0x0000000008001eaa       0x26 ./Drivers/STM32H7xx_HAL_Driver/Src/stm32h7xx_hal_adc.o
 .text.HAL_ADC_Init
                0x0000000008001ed0      0x344 ./Drivers/STM32H7xx_HAL_Driver/Src/stm32h7xx_hal_adc.o
                0x0000000008001ed0                HAL_ADC_Init
 .text.HAL_ADC_Start_DMA
                0x0000000008002214      0x188 ./Drivers/STM32H7xx_HAL_Driver/Src/stm32h7xx_hal_adc.o
                0x0000000008002214                HAL_ADC_Start_DMA
 .text.HAL_ADC_ConvCpltCallback
                0x000000000800239c       0x14 ./Drivers/STM32H7xx_HAL_Driver/Src/stm32h7xx_hal_adc.o
                0x000000000800239c                HAL_ADC_ConvCpltCallback
 .text.HAL_ADC_ConvHalfCpltCallback
                0x00000000080023b0       0x14 ./Drivers/STM32H7xx_HAL_Driver/Src/stm32h7xx_hal_adc.o
                0x00000000080023b0                HAL_ADC_ConvHalfCpltCallback
 .text.HAL_ADC_ErrorCallback
                0x00000000080023c4       0x14 ./Drivers/STM32H7xx_HAL_Driver/Src/stm32h7xx_hal_adc.o
                0x00000000080023c4                HAL_ADC_ErrorCallback
 .text.HAL_ADC_ConfigChannel
                0x00000000080023d8      0x6a0 ./Drivers/STM32H7xx_HAL_Driver/Src/stm32h7xx_hal_adc.o
                0x00000000080023d8                HAL_ADC_ConfigChannel
 .text.ADC_Enable
                0x0000000008002a78      0x114 ./Drivers/STM32H7xx_HAL_Driver/Src/stm32h7xx_hal_adc.o
                0x0000000008002a78                ADC_Enable
 .text.ADC_DMAConvCplt
                0x0000000008002b8c       0xd8 ./Drivers/STM32H7xx_HAL_Driver/Src/stm32h7xx_hal_adc.o
                0x0000000008002b8c                ADC_DMAConvCplt
 .text.ADC_DMAHalfConvCplt
                0x0000000008002c64       0x1c ./Drivers/STM32H7xx_HAL_Driver/Src/stm32h7xx_hal_adc.o
                0x0000000008002c64                ADC_DMAHalfConvCplt
 .text.ADC_DMAError
                0x0000000008002c80       0x34 ./Drivers/STM32H7xx_HAL_Driver/Src/stm32h7xx_hal_adc.o
                0x0000000008002c80                ADC_DMAError
 .text.ADC_ConfigureBoostMode
                0x0000000008002cb4      0x214 ./Drivers/STM32H7xx_HAL_Driver/Src/stm32h7xx_hal_adc.o
                0x0000000008002cb4                ADC_ConfigureBoostMode
 .text.LL_ADC_IsEnabled
                0x0000000008002ec8       0x26 ./Drivers/STM32H7xx_HAL_Driver/Src/stm32h7xx_hal_adc_ex.o
 .text.LL_ADC_REG_IsConversionOngoing
                0x0000000008002eee       0x26 ./Drivers/STM32H7xx_HAL_Driver/Src/stm32h7xx_hal_adc_ex.o
 .text.HAL_ADCEx_MultiModeConfigChannel
                0x0000000008002f14      0x1bc ./Drivers/STM32H7xx_HAL_Driver/Src/stm32h7xx_hal_adc_ex.o
                0x0000000008002f14                HAL_ADCEx_MultiModeConfigChannel
 .text.__NVIC_SetPriorityGrouping
                0x00000000080030d0       0x48 ./Drivers/STM32H7xx_HAL_Driver/Src/stm32h7xx_hal_cortex.o
 .text.__NVIC_GetPriorityGrouping
                0x0000000008003118       0x1c ./Drivers/STM32H7xx_HAL_Driver/Src/stm32h7xx_hal_cortex.o
 .text.__NVIC_EnableIRQ
                0x0000000008003134       0x3c ./Drivers/STM32H7xx_HAL_Driver/Src/stm32h7xx_hal_cortex.o
 .text.__NVIC_SetPriority
                0x0000000008003170       0x54 ./Drivers/STM32H7xx_HAL_Driver/Src/stm32h7xx_hal_cortex.o
 .text.NVIC_EncodePriority
                0x00000000080031c4       0x66 ./Drivers/STM32H7xx_HAL_Driver/Src/stm32h7xx_hal_cortex.o
 *fill*         0x000000000800322a        0x2 
 .text.SysTick_Config
                0x000000000800322c       0x44 ./Drivers/STM32H7xx_HAL_Driver/Src/stm32h7xx_hal_cortex.o
 .text.HAL_NVIC_SetPriorityGrouping
                0x0000000008003270       0x16 ./Drivers/STM32H7xx_HAL_Driver/Src/stm32h7xx_hal_cortex.o
                0x0000000008003270                HAL_NVIC_SetPriorityGrouping
 .text.HAL_NVIC_SetPriority
                0x0000000008003286       0x34 ./Drivers/STM32H7xx_HAL_Driver/Src/stm32h7xx_hal_cortex.o
                0x0000000008003286                HAL_NVIC_SetPriority
 .text.HAL_NVIC_EnableIRQ
                0x00000000080032ba       0x1c ./Drivers/STM32H7xx_HAL_Driver/Src/stm32h7xx_hal_cortex.o
                0x00000000080032ba                HAL_NVIC_EnableIRQ
 .text.HAL_SYSTICK_Config
                0x00000000080032d6       0x18 ./Drivers/STM32H7xx_HAL_Driver/Src/stm32h7xx_hal_cortex.o
                0x00000000080032d6                HAL_SYSTICK_Config
 *fill*         0x00000000080032ee        0x2 
 .text.HAL_DMA_Init
                0x00000000080032f0      0x6b8 ./Drivers/STM32H7xx_HAL_Driver/Src/stm32h7xx_hal_dma.o
                0x00000000080032f0                HAL_DMA_Init
 .text.HAL_DMA_Start_IT
                0x00000000080039a8      0x4d4 ./Drivers/STM32H7xx_HAL_Driver/Src/stm32h7xx_hal_dma.o
                0x00000000080039a8                HAL_DMA_Start_IT
 .text.HAL_DMA_Abort
                0x0000000008003e7c      0x63c ./Drivers/STM32H7xx_HAL_Driver/Src/stm32h7xx_hal_dma.o
                0x0000000008003e7c                HAL_DMA_Abort
 .text.HAL_DMA_Abort_IT
                0x00000000080044b8      0x48c ./Drivers/STM32H7xx_HAL_Driver/Src/stm32h7xx_hal_dma.o
                0x00000000080044b8                HAL_DMA_Abort_IT
 .text.DMA_SetConfig
                0x0000000008004944      0x358 ./Drivers/STM32H7xx_HAL_Driver/Src/stm32h7xx_hal_dma.o
 .text.DMA_CalcBaseAndBitshift
                0x0000000008004c9c      0x164 ./Drivers/STM32H7xx_HAL_Driver/Src/stm32h7xx_hal_dma.o
 .text.DMA_CheckFifoParam
                0x0000000008004e00       0xf8 ./Drivers/STM32H7xx_HAL_Driver/Src/stm32h7xx_hal_dma.o
 .text.DMA_CalcDMAMUXChannelBaseAndMask
                0x0000000008004ef8      0x134 ./Drivers/STM32H7xx_HAL_Driver/Src/stm32h7xx_hal_dma.o
 .text.DMA_CalcDMAMUXRequestGenBaseAndMask
                0x000000000800502c       0xe8 ./Drivers/STM32H7xx_HAL_Driver/Src/stm32h7xx_hal_dma.o
 .text.HAL_GPIO_Init
                0x0000000008005114      0x360 ./Drivers/STM32H7xx_HAL_Driver/Src/stm32h7xx_hal_gpio.o
                0x0000000008005114                HAL_GPIO_Init
 .text.HAL_GPIO_WritePin
                0x0000000008005474       0x32 ./Drivers/STM32H7xx_HAL_Driver/Src/stm32h7xx_hal_gpio.o
                0x0000000008005474                HAL_GPIO_WritePin
 *fill*         0x00000000080054a6        0x2 
 .text.HAL_PWREx_ConfigSupply
                0x00000000080054a8       0x74 ./Drivers/STM32H7xx_HAL_Driver/Src/stm32h7xx_hal_pwr_ex.o
                0x00000000080054a8                HAL_PWREx_ConfigSupply
 .text.HAL_RCC_OscConfig
                0x000000000800551c      0x85c ./Drivers/STM32H7xx_HAL_Driver/Src/stm32h7xx_hal_rcc.o
                0x000000000800551c                HAL_RCC_OscConfig
 .text.HAL_RCC_ClockConfig
                0x0000000008005d78      0x36c ./Drivers/STM32H7xx_HAL_Driver/Src/stm32h7xx_hal_rcc.o
                0x0000000008005d78                HAL_RCC_ClockConfig
 .text.HAL_RCC_GetSysClockFreq
                0x00000000080060e4      0x2f4 ./Drivers/STM32H7xx_HAL_Driver/Src/stm32h7xx_hal_rcc.o
                0x00000000080060e4                HAL_RCC_GetSysClockFreq
 .text.HAL_RCC_GetHCLKFreq
                0x00000000080063d8       0x60 ./Drivers/STM32H7xx_HAL_Driver/Src/stm32h7xx_hal_rcc.o
                0x00000000080063d8                HAL_RCC_GetHCLKFreq
 .text.HAL_RCC_GetPCLK1Freq
                0x0000000008006438       0x2c ./Drivers/STM32H7xx_HAL_Driver/Src/stm32h7xx_hal_rcc.o
                0x0000000008006438                HAL_RCC_GetPCLK1Freq
 .text.HAL_RCC_GetPCLK2Freq
                0x0000000008006464       0x2c ./Drivers/STM32H7xx_HAL_Driver/Src/stm32h7xx_hal_rcc.o
                0x0000000008006464                HAL_RCC_GetPCLK2Freq
 .text.HAL_RCCEx_PeriphCLKConfig
                0x0000000008006490      0xe8c ./Drivers/STM32H7xx_HAL_Driver/Src/stm32h7xx_hal_rcc_ex.o
                0x0000000008006490                HAL_RCCEx_PeriphCLKConfig
 .text.HAL_RCCEx_GetPeriphCLKFreq
                0x000000000800731c      0x9a4 ./Drivers/STM32H7xx_HAL_Driver/Src/stm32h7xx_hal_rcc_ex.o
                0x000000000800731c                HAL_RCCEx_GetPeriphCLKFreq
 .text.HAL_RCCEx_GetD3PCLK1Freq
                0x0000000008007cc0       0x2c ./Drivers/STM32H7xx_HAL_Driver/Src/stm32h7xx_hal_rcc_ex.o
                0x0000000008007cc0                HAL_RCCEx_GetD3PCLK1Freq
 .text.HAL_RCCEx_GetPLL2ClockFreq
                0x0000000008007cec      0x2a8 ./Drivers/STM32H7xx_HAL_Driver/Src/stm32h7xx_hal_rcc_ex.o
                0x0000000008007cec                HAL_RCCEx_GetPLL2ClockFreq
 .text.HAL_RCCEx_GetPLL3ClockFreq
                0x0000000008007f94      0x2a8 ./Drivers/STM32H7xx_HAL_Driver/Src/stm32h7xx_hal_rcc_ex.o
                0x0000000008007f94                HAL_RCCEx_GetPLL3ClockFreq
 .text.HAL_RCCEx_GetPLL1ClockFreq
                0x000000000800823c      0x2a4 ./Drivers/STM32H7xx_HAL_Driver/Src/stm32h7xx_hal_rcc_ex.o
                0x000000000800823c                HAL_RCCEx_GetPLL1ClockFreq
 .text.RCCEx_PLL2_Config
                0x00000000080084e0      0x164 ./Drivers/STM32H7xx_HAL_Driver/Src/stm32h7xx_hal_rcc_ex.o
 .text.RCCEx_PLL3_Config
                0x0000000008008644      0x164 ./Drivers/STM32H7xx_HAL_Driver/Src/stm32h7xx_hal_rcc_ex.o
 .text.HAL_TIM_Base_Init
                0x00000000080087a8       0xae ./Drivers/STM32H7xx_HAL_Driver/Src/stm32h7xx_hal_tim.o
                0x00000000080087a8                HAL_TIM_Base_Init
 *fill*         0x0000000008008856        0x2 
 .text.HAL_TIM_Base_Start
                0x0000000008008858       0xe0 ./Drivers/STM32H7xx_HAL_Driver/Src/stm32h7xx_hal_tim.o
                0x0000000008008858                HAL_TIM_Base_Start
 .text.HAL_TIM_Base_Start_IT
                0x0000000008008938       0xf0 ./Drivers/STM32H7xx_HAL_Driver/Src/stm32h7xx_hal_tim.o
                0x0000000008008938                HAL_TIM_Base_Start_IT
 .text.HAL_TIM_PWM_Init
                0x0000000008008a28       0xae ./Drivers/STM32H7xx_HAL_Driver/Src/stm32h7xx_hal_tim.o
                0x0000000008008a28                HAL_TIM_PWM_Init
 .text.HAL_TIM_PWM_MspInit
                0x0000000008008ad6       0x14 ./Drivers/STM32H7xx_HAL_Driver/Src/stm32h7xx_hal_tim.o
                0x0000000008008ad6                HAL_TIM_PWM_MspInit
 *fill*         0x0000000008008aea        0x2 
 .text.HAL_TIM_PWM_Start
                0x0000000008008aec      0x21c ./Drivers/STM32H7xx_HAL_Driver/Src/stm32h7xx_hal_tim.o
                0x0000000008008aec                HAL_TIM_PWM_Start
 .text.HAL_TIM_IRQHandler
                0x0000000008008d08      0x23e ./Drivers/STM32H7xx_HAL_Driver/Src/stm32h7xx_hal_tim.o
                0x0000000008008d08                HAL_TIM_IRQHandler
 *fill*         0x0000000008008f46        0x2 
 .text.HAL_TIM_PWM_ConfigChannel
                0x0000000008008f48      0x228 ./Drivers/STM32H7xx_HAL_Driver/Src/stm32h7xx_hal_tim.o
                0x0000000008008f48                HAL_TIM_PWM_ConfigChannel
 .text.HAL_TIM_ConfigClockSource
                0x0000000008009170      0x1f0 ./Drivers/STM32H7xx_HAL_Driver/Src/stm32h7xx_hal_tim.o
                0x0000000008009170                HAL_TIM_ConfigClockSource
 .text.HAL_TIM_PeriodElapsedCallback
                0x0000000008009360       0x14 ./Drivers/STM32H7xx_HAL_Driver/Src/stm32h7xx_hal_tim.o
                0x0000000008009360                HAL_TIM_PeriodElapsedCallback
 .text.HAL_TIM_OC_DelayElapsedCallback
                0x0000000008009374       0x14 ./Drivers/STM32H7xx_HAL_Driver/Src/stm32h7xx_hal_tim.o
                0x0000000008009374                HAL_TIM_OC_DelayElapsedCallback
 .text.HAL_TIM_IC_CaptureCallback
                0x0000000008009388       0x14 ./Drivers/STM32H7xx_HAL_Driver/Src/stm32h7xx_hal_tim.o
                0x0000000008009388                HAL_TIM_IC_CaptureCallback
 .text.HAL_TIM_PWM_PulseFinishedCallback
                0x000000000800939c       0x14 ./Drivers/STM32H7xx_HAL_Driver/Src/stm32h7xx_hal_tim.o
                0x000000000800939c                HAL_TIM_PWM_PulseFinishedCallback
 .text.HAL_TIM_TriggerCallback
                0x00000000080093b0       0x14 ./Drivers/STM32H7xx_HAL_Driver/Src/stm32h7xx_hal_tim.o
                0x00000000080093b0                HAL_TIM_TriggerCallback
 .text.TIM_Base_SetConfig
                0x00000000080093c4      0x134 ./Drivers/STM32H7xx_HAL_Driver/Src/stm32h7xx_hal_tim.o
                0x00000000080093c4                TIM_Base_SetConfig
 .text.TIM_OC1_SetConfig
                0x00000000080094f8      0x120 ./Drivers/STM32H7xx_HAL_Driver/Src/stm32h7xx_hal_tim.o
 .text.TIM_OC2_SetConfig
                0x0000000008009618      0x114 ./Drivers/STM32H7xx_HAL_Driver/Src/stm32h7xx_hal_tim.o
                0x0000000008009618                TIM_OC2_SetConfig
 .text.TIM_OC3_SetConfig
                0x000000000800972c      0x110 ./Drivers/STM32H7xx_HAL_Driver/Src/stm32h7xx_hal_tim.o
 .text.TIM_OC4_SetConfig
                0x000000000800983c       0xd4 ./Drivers/STM32H7xx_HAL_Driver/Src/stm32h7xx_hal_tim.o
 .text.TIM_OC5_SetConfig
                0x0000000008009910       0xc8 ./Drivers/STM32H7xx_HAL_Driver/Src/stm32h7xx_hal_tim.o
 .text.TIM_OC6_SetConfig
                0x00000000080099d8       0xcc ./Drivers/STM32H7xx_HAL_Driver/Src/stm32h7xx_hal_tim.o
 .text.TIM_TI1_ConfigInputStage
                0x0000000008009aa4       0x5e ./Drivers/STM32H7xx_HAL_Driver/Src/stm32h7xx_hal_tim.o
 .text.TIM_TI2_ConfigInputStage
                0x0000000008009b02       0x60 ./Drivers/STM32H7xx_HAL_Driver/Src/stm32h7xx_hal_tim.o
 *fill*         0x0000000008009b62        0x2 
 .text.TIM_ITRx_SetConfig
                0x0000000008009b64       0x3c ./Drivers/STM32H7xx_HAL_Driver/Src/stm32h7xx_hal_tim.o
 .text.TIM_ETR_SetConfig
                0x0000000008009ba0       0x40 ./Drivers/STM32H7xx_HAL_Driver/Src/stm32h7xx_hal_tim.o
                0x0000000008009ba0                TIM_ETR_SetConfig
 .text.TIM_CCxChannelCmd
                0x0000000008009be0       0x4a ./Drivers/STM32H7xx_HAL_Driver/Src/stm32h7xx_hal_tim.o
                0x0000000008009be0                TIM_CCxChannelCmd
 *fill*         0x0000000008009c2a        0x2 
 .text.HAL_TIMEx_MasterConfigSynchronization
                0x0000000008009c2c      0x11c ./Drivers/STM32H7xx_HAL_Driver/Src/stm32h7xx_hal_tim_ex.o
                0x0000000008009c2c                HAL_TIMEx_MasterConfigSynchronization
 .text.HAL_TIMEx_CommutCallback
                0x0000000008009d48       0x14 ./Drivers/STM32H7xx_HAL_Driver/Src/stm32h7xx_hal_tim_ex.o
                0x0000000008009d48                HAL_TIMEx_CommutCallback
 .text.HAL_TIMEx_BreakCallback
                0x0000000008009d5c       0x14 ./Drivers/STM32H7xx_HAL_Driver/Src/stm32h7xx_hal_tim_ex.o
                0x0000000008009d5c                HAL_TIMEx_BreakCallback
 .text.HAL_TIMEx_Break2Callback
                0x0000000008009d70       0x14 ./Drivers/STM32H7xx_HAL_Driver/Src/stm32h7xx_hal_tim_ex.o
                0x0000000008009d70                HAL_TIMEx_Break2Callback
 .text.HAL_UART_Init
                0x0000000008009d84       0xa0 ./Drivers/STM32H7xx_HAL_Driver/Src/stm32h7xx_hal_uart.o
                0x0000000008009d84                HAL_UART_Init
 .text.HAL_UART_Transmit
                0x0000000008009e24      0x12c ./Drivers/STM32H7xx_HAL_Driver/Src/stm32h7xx_hal_uart.o
                0x0000000008009e24                HAL_UART_Transmit
 .text.HAL_UART_Receive_IT
                0x0000000008009f50       0xac ./Drivers/STM32H7xx_HAL_Driver/Src/stm32h7xx_hal_uart.o
                0x0000000008009f50                HAL_UART_Receive_IT
 .text.HAL_UART_IRQHandler
                0x0000000008009ffc      0x73c ./Drivers/STM32H7xx_HAL_Driver/Src/stm32h7xx_hal_uart.o
                0x0000000008009ffc                HAL_UART_IRQHandler
 .text.HAL_UART_TxCpltCallback
                0x000000000800a738       0x14 ./Drivers/STM32H7xx_HAL_Driver/Src/stm32h7xx_hal_uart.o
                0x000000000800a738                HAL_UART_TxCpltCallback
 .text.HAL_UART_RxCpltCallback
                0x000000000800a74c       0x14 ./Drivers/STM32H7xx_HAL_Driver/Src/stm32h7xx_hal_uart.o
                0x000000000800a74c                HAL_UART_RxCpltCallback
 .text.HAL_UART_ErrorCallback
                0x000000000800a760       0x14 ./Drivers/STM32H7xx_HAL_Driver/Src/stm32h7xx_hal_uart.o
                0x000000000800a760                HAL_UART_ErrorCallback
 .text.HAL_UARTEx_RxEventCallback
                0x000000000800a774       0x18 ./Drivers/STM32H7xx_HAL_Driver/Src/stm32h7xx_hal_uart.o
                0x000000000800a774                HAL_UARTEx_RxEventCallback
 .text.UART_SetConfig
                0x000000000800a78c      0xad0 ./Drivers/STM32H7xx_HAL_Driver/Src/stm32h7xx_hal_uart.o
                0x000000000800a78c                UART_SetConfig
 .text.UART_AdvFeatureConfig
                0x000000000800b25c      0x144 ./Drivers/STM32H7xx_HAL_Driver/Src/stm32h7xx_hal_uart.o
                0x000000000800b25c                UART_AdvFeatureConfig
 .text.UART_CheckIdleState
                0x000000000800b3a0       0x96 ./Drivers/STM32H7xx_HAL_Driver/Src/stm32h7xx_hal_uart.o
                0x000000000800b3a0                UART_CheckIdleState
 .text.UART_WaitOnFlagUntilTimeout
                0x000000000800b436      0x190 ./Drivers/STM32H7xx_HAL_Driver/Src/stm32h7xx_hal_uart.o
                0x000000000800b436                UART_WaitOnFlagUntilTimeout
 *fill*         0x000000000800b5c6        0x2 
 .text.UART_Start_Receive_IT
                0x000000000800b5c8      0x254 ./Drivers/STM32H7xx_HAL_Driver/Src/stm32h7xx_hal_uart.o
                0x000000000800b5c8                UART_Start_Receive_IT
 .text.UART_EndRxTransfer
                0x000000000800b81c       0xcc ./Drivers/STM32H7xx_HAL_Driver/Src/stm32h7xx_hal_uart.o
 .text.UART_DMAAbortOnError
                0x000000000800b8e8       0x2c ./Drivers/STM32H7xx_HAL_Driver/Src/stm32h7xx_hal_uart.o
 .text.UART_EndTransmit_IT
                0x000000000800b914       0x56 ./Drivers/STM32H7xx_HAL_Driver/Src/stm32h7xx_hal_uart.o
 .text.UART_RxISR_8BIT
                0x000000000800b96a      0x160 ./Drivers/STM32H7xx_HAL_Driver/Src/stm32h7xx_hal_uart.o
 .text.UART_RxISR_16BIT
                0x000000000800baca      0x160 ./Drivers/STM32H7xx_HAL_Driver/Src/stm32h7xx_hal_uart.o
 *fill*         0x000000000800bc2a        0x2 
 .text.UART_RxISR_8BIT_FIFOEN
                0x000000000800bc2c      0x2f8 ./Drivers/STM32H7xx_HAL_Driver/Src/stm32h7xx_hal_uart.o
 .text.UART_RxISR_16BIT_FIFOEN
                0x000000000800bf24      0x300 ./Drivers/STM32H7xx_HAL_Driver/Src/stm32h7xx_hal_uart.o
 .text.HAL_UARTEx_WakeupCallback
                0x000000000800c224       0x14 ./Drivers/STM32H7xx_HAL_Driver/Src/stm32h7xx_hal_uart_ex.o
                0x000000000800c224                HAL_UARTEx_WakeupCallback
 .text.HAL_UARTEx_RxFifoFullCallback
                0x000000000800c238       0x14 ./Drivers/STM32H7xx_HAL_Driver/Src/stm32h7xx_hal_uart_ex.o
                0x000000000800c238                HAL_UARTEx_RxFifoFullCallback
 .text.HAL_UARTEx_TxFifoEmptyCallback
                0x000000000800c24c       0x14 ./Drivers/STM32H7xx_HAL_Driver/Src/stm32h7xx_hal_uart_ex.o
                0x000000000800c24c                HAL_UARTEx_TxFifoEmptyCallback
 .text.HAL_UARTEx_DisableFifoMode
                0x000000000800c260       0x72 ./Drivers/STM32H7xx_HAL_Driver/Src/stm32h7xx_hal_uart_ex.o
                0x000000000800c260                HAL_UARTEx_DisableFifoMode
 .text.HAL_UARTEx_SetTxFifoThreshold
                0x000000000800c2d2       0x7c ./Drivers/STM32H7xx_HAL_Driver/Src/stm32h7xx_hal_uart_ex.o
                0x000000000800c2d2                HAL_UARTEx_SetTxFifoThreshold
 .text.HAL_UARTEx_SetRxFifoThreshold
                0x000000000800c34e       0x7c ./Drivers/STM32H7xx_HAL_Driver/Src/stm32h7xx_hal_uart_ex.o
                0x000000000800c34e                HAL_UARTEx_SetRxFifoThreshold
 *fill*         0x000000000800c3ca        0x2 
 .text.UARTEx_SetNbDataToProcess
                0x000000000800c3cc       0x9c ./Drivers/STM32H7xx_HAL_Driver/Src/stm32h7xx_hal_uart_ex.o
 .text.KalmanFilter
                0x000000000800c468       0x94 ./MyCode/Src/kalman.o
                0x000000000800c468                KalmanFilter
 .text.Kalman_Init
                0x000000000800c4fc       0x4c ./MyCode/Src/kalman.o
                0x000000000800c4fc                Kalman_Init
 .text.tft_text_float_3
                0x000000000800c548       0x88 ./MyCode/Src/tft.o
                0x000000000800c548                tft_text_float_3
 .text.tft_slideblock
                0x000000000800c5d0       0x70 ./MyCode/Src/tft.o
                0x000000000800c5d0                tft_slideblock
 .text.tft_receive
                0x000000000800c640       0xd8 ./MyCode/Src/tft.o
                0x000000000800c640                tft_receive
 .text.tft_manage
                0x000000000800c718       0x9c ./MyCode/Src/tft.o
                0x000000000800c718                tft_manage
 *fill*         0x000000000800c7b4        0x4 
 .text.Servo_con
                0x000000000800c7b8       0x88 ./MyCode/Src/workman.o
                0x000000000800c7b8                Servo_con
 .text.init_start
                0x000000000800c840      0x114 ./MyCode/Src/workman.o
                0x000000000800c840                init_start
 *fill*         0x000000000800c954        0x4 
 .text.while_do
                0x000000000800c958      0xe7c ./MyCode/Src/workman.o
                0x000000000800c958                while_do
 *fill*         0x000000000800d7d4        0x4 
 .text.resTIM3  0x000000000800d7d8       0xf8 ./MyCode/Src/workman.o
                0x000000000800d7d8                resTIM3
 .text.sort     0x000000000800d8d0       0x92 ./MyCode/Src/workman.o
                0x000000000800d8d0                sort
 *fill*         0x000000000800d962        0x2 
 .text.__io_putchar
                0x000000000800d964       0x24 ./MyCode/Src/workman.o
                0x000000000800d964                __io_putchar
 .text.arm_min_f32
                0x000000000800d988       0xd0 G:\CubeProject\H7_Voice\DSP\GCC\libarm_cortexM7lfsp_math.a(arm_min_f32.o)
                0x000000000800d988                arm_min_f32
 .text.arm_max_f32
                0x000000000800da58       0xd0 G:\CubeProject\H7_Voice\DSP\GCC\libarm_cortexM7lfsp_math.a(arm_max_f32.o)
                0x000000000800da58                arm_max_f32
 .text.arm_rfft_32_fast_init_f32
                0x000000000800db28       0x38 G:\CubeProject\H7_Voice\DSP\GCC\libarm_cortexM7lfsp_math.a(arm_rfft_fast_init_f32.o)
                0x000000000800db28                arm_rfft_32_fast_init_f32
 .text.arm_rfft_64_fast_init_f32
                0x000000000800db60       0x38 G:\CubeProject\H7_Voice\DSP\GCC\libarm_cortexM7lfsp_math.a(arm_rfft_fast_init_f32.o)
                0x000000000800db60                arm_rfft_64_fast_init_f32
 .text.arm_rfft_256_fast_init_f32
                0x000000000800db98       0x38 G:\CubeProject\H7_Voice\DSP\GCC\libarm_cortexM7lfsp_math.a(arm_rfft_fast_init_f32.o)
                0x000000000800db98                arm_rfft_256_fast_init_f32
 .text.arm_rfft_512_fast_init_f32
                0x000000000800dbd0       0x3c G:\CubeProject\H7_Voice\DSP\GCC\libarm_cortexM7lfsp_math.a(arm_rfft_fast_init_f32.o)
                0x000000000800dbd0                arm_rfft_512_fast_init_f32
 .text.arm_rfft_1024_fast_init_f32
                0x000000000800dc0c       0x3c G:\CubeProject\H7_Voice\DSP\GCC\libarm_cortexM7lfsp_math.a(arm_rfft_fast_init_f32.o)
                0x000000000800dc0c                arm_rfft_1024_fast_init_f32
 .text.arm_rfft_2048_fast_init_f32
                0x000000000800dc48       0x3c G:\CubeProject\H7_Voice\DSP\GCC\libarm_cortexM7lfsp_math.a(arm_rfft_fast_init_f32.o)
                0x000000000800dc48                arm_rfft_2048_fast_init_f32
 .text.arm_rfft_4096_fast_init_f32
                0x000000000800dc84       0x3c G:\CubeProject\H7_Voice\DSP\GCC\libarm_cortexM7lfsp_math.a(arm_rfft_fast_init_f32.o)
                0x000000000800dc84                arm_rfft_4096_fast_init_f32
 .text.arm_rfft_fast_init_f32
                0x000000000800dcc0       0x68 G:\CubeProject\H7_Voice\DSP\GCC\libarm_cortexM7lfsp_math.a(arm_rfft_fast_init_f32.o)
                0x000000000800dcc0                arm_rfft_fast_init_f32
 .text.stage_rfft_f32
                0x000000000800dd28       0xb8 G:\CubeProject\H7_Voice\DSP\GCC\libarm_cortexM7lfsp_math.a(arm_rfft_fast_f32.o)
                0x000000000800dd28                stage_rfft_f32
 .text.merge_rfft_f32
                0x000000000800dde0       0xac G:\CubeProject\H7_Voice\DSP\GCC\libarm_cortexM7lfsp_math.a(arm_rfft_fast_f32.o)
                0x000000000800dde0                merge_rfft_f32
 .text.arm_rfft_fast_f32
                0x000000000800de8c       0x40 G:\CubeProject\H7_Voice\DSP\GCC\libarm_cortexM7lfsp_math.a(arm_rfft_fast_f32.o)
                0x000000000800de8c                arm_rfft_fast_f32
 .text.arm_cfft_radix8by2_f32
                0x000000000800decc      0x198 G:\CubeProject\H7_Voice\DSP\GCC\libarm_cortexM7lfsp_math.a(arm_cfft_f32.o)
                0x000000000800decc                arm_cfft_radix8by2_f32
 .text.arm_cfft_radix8by4_f32
                0x000000000800e064      0x4b8 G:\CubeProject\H7_Voice\DSP\GCC\libarm_cortexM7lfsp_math.a(arm_cfft_f32.o)
                0x000000000800e064                arm_cfft_radix8by4_f32
 .text.arm_cfft_f32
                0x000000000800e51c       0xec G:\CubeProject\H7_Voice\DSP\GCC\libarm_cortexM7lfsp_math.a(arm_cfft_f32.o)
                0x000000000800e51c                arm_cfft_f32
 .text.arm_bitreversal_32
                0x000000000800e608       0x50 G:\CubeProject\H7_Voice\DSP\GCC\libarm_cortexM7lfsp_math.a(arm_bitreversal2.o)
                0x000000000800e608                arm_bitreversal_32
 .text.arm_cmplx_mag_f32
                0x000000000800e658      0x248 G:\CubeProject\H7_Voice\DSP\GCC\libarm_cortexM7lfsp_math.a(arm_cmplx_mag_f32.o)
                0x000000000800e658                arm_cmplx_mag_f32
 .text.arm_radix8_butterfly_f32
                0x000000000800e8a0      0x584 G:\CubeProject\H7_Voice\DSP\GCC\libarm_cortexM7lfsp_math.a(arm_cfft_radix8_f32.o)
                0x000000000800e8a0                arm_radix8_butterfly_f32
 .text.__errno  0x000000000800ee24        0xc g:/cubeide/stm32cubeide_1.6.1/stm32cubeide/plugins/com.st.stm32cube.ide.mcu.externaltools.gnu-tools-for-stm32.10.3-2021.10.win32_1.0.0.202111181127/tools/bin/../lib/gcc/arm-none-eabi/10.3.1/../../../../arm-none-eabi/lib/thumb/v7e-m+dp/hard\libc_nano.a(lib_a-errno.o)
                0x000000000800ee24                __errno
 .text.__libc_init_array
                0x000000000800ee30       0x48 g:/cubeide/stm32cubeide_1.6.1/stm32cubeide/plugins/com.st.stm32cube.ide.mcu.externaltools.gnu-tools-for-stm32.10.3-2021.10.win32_1.0.0.202111181127/tools/bin/../lib/gcc/arm-none-eabi/10.3.1/../../../../arm-none-eabi/lib/thumb/v7e-m+dp/hard\libc_nano.a(lib_a-init.o)
                0x000000000800ee30                __libc_init_array
 .text.memset   0x000000000800ee78       0x10 g:/cubeide/stm32cubeide_1.6.1/stm32cubeide/plugins/com.st.stm32cube.ide.mcu.externaltools.gnu-tools-for-stm32.10.3-2021.10.win32_1.0.0.202111181127/tools/bin/../lib/gcc/arm-none-eabi/10.3.1/../../../../arm-none-eabi/lib/thumb/v7e-m+dp/hard\libc_nano.a(lib_a-memset.o)
                0x000000000800ee78                memset
 .text.__cvt    0x000000000800ee88       0xa4 g:/cubeide/stm32cubeide_1.6.1/stm32cubeide/plugins/com.st.stm32cube.ide.mcu.externaltools.gnu-tools-for-stm32.10.3-2021.10.win32_1.0.0.202111181127/tools/bin/../lib/gcc/arm-none-eabi/10.3.1/../../../../arm-none-eabi/lib/thumb/v7e-m+dp/hard\libc_nano.a(lib_a-nano-vfprintf_float.o)
                0x000000000800ee88                __cvt
 .text.__exponent
                0x000000000800ef2c       0x7c g:/cubeide/stm32cubeide_1.6.1/stm32cubeide/plugins/com.st.stm32cube.ide.mcu.externaltools.gnu-tools-for-stm32.10.3-2021.10.win32_1.0.0.202111181127/tools/bin/../lib/gcc/arm-none-eabi/10.3.1/../../../../arm-none-eabi/lib/thumb/v7e-m+dp/hard\libc_nano.a(lib_a-nano-vfprintf_float.o)
                0x000000000800ef2c                __exponent
 .text._printf_float
                0x000000000800efa8      0x43c g:/cubeide/stm32cubeide_1.6.1/stm32cubeide/plugins/com.st.stm32cube.ide.mcu.externaltools.gnu-tools-for-stm32.10.3-2021.10.win32_1.0.0.202111181127/tools/bin/../lib/gcc/arm-none-eabi/10.3.1/../../../../arm-none-eabi/lib/thumb/v7e-m+dp/hard\libc_nano.a(lib_a-nano-vfprintf_float.o)
                0x000000000800efa8                _printf_float
 .text._printf_common
                0x000000000800f3e4       0xda g:/cubeide/stm32cubeide_1.6.1/stm32cubeide/plugins/com.st.stm32cube.ide.mcu.externaltools.gnu-tools-for-stm32.10.3-2021.10.win32_1.0.0.202111181127/tools/bin/../lib/gcc/arm-none-eabi/10.3.1/../../../../arm-none-eabi/lib/thumb/v7e-m+dp/hard\libc_nano.a(lib_a-nano-vfprintf_i.o)
                0x000000000800f3e4                _printf_common
 *fill*         0x000000000800f4be        0x2 
 .text._printf_i
                0x000000000800f4c0      0x24c g:/cubeide/stm32cubeide_1.6.1/stm32cubeide/plugins/com.st.stm32cube.ide.mcu.externaltools.gnu-tools-for-stm32.10.3-2021.10.win32_1.0.0.202111181127/tools/bin/../lib/gcc/arm-none-eabi/10.3.1/../../../../arm-none-eabi/lib/thumb/v7e-m+dp/hard\libc_nano.a(lib_a-nano-vfprintf_i.o)
                0x000000000800f4c0                _printf_i
 .text.sprintf  0x000000000800f70c       0x40 g:/cubeide/stm32cubeide_1.6.1/stm32cubeide/plugins/com.st.stm32cube.ide.mcu.externaltools.gnu-tools-for-stm32.10.3-2021.10.win32_1.0.0.202111181127/tools/bin/../lib/gcc/arm-none-eabi/10.3.1/../../../../arm-none-eabi/lib/thumb/v7e-m+dp/hard\libc_nano.a(lib_a-sprintf.o)
                0x000000000800f70c                siprintf
                0x000000000800f70c                sprintf
 .text.quorem   0x000000000800f74c      0x116 g:/cubeide/stm32cubeide_1.6.1/stm32cubeide/plugins/com.st.stm32cube.ide.mcu.externaltools.gnu-tools-for-stm32.10.3-2021.10.win32_1.0.0.202111181127/tools/bin/../lib/gcc/arm-none-eabi/10.3.1/../../../../arm-none-eabi/lib/thumb/v7e-m+dp/hard\libc_nano.a(lib_a-dtoa.o)
 *fill*         0x000000000800f862        0x6 
 .text._dtoa_r  0x000000000800f868      0xadc g:/cubeide/stm32cubeide_1.6.1/stm32cubeide/plugins/com.st.stm32cube.ide.mcu.externaltools.gnu-tools-for-stm32.10.3-2021.10.win32_1.0.0.202111181127/tools/bin/../lib/gcc/arm-none-eabi/10.3.1/../../../../arm-none-eabi/lib/thumb/v7e-m+dp/hard\libc_nano.a(lib_a-dtoa.o)
                0x000000000800f868                _dtoa_r
 .text._localeconv_r
                0x0000000008010344        0x8 g:/cubeide/stm32cubeide_1.6.1/stm32cubeide/plugins/com.st.stm32cube.ide.mcu.externaltools.gnu-tools-for-stm32.10.3-2021.10.win32_1.0.0.202111181127/tools/bin/../lib/gcc/arm-none-eabi/10.3.1/../../../../arm-none-eabi/lib/thumb/v7e-m+dp/hard\libc_nano.a(lib_a-localeconv.o)
                0x0000000008010344                _localeconv_r
 .text.malloc   0x000000000801034c       0x10 g:/cubeide/stm32cubeide_1.6.1/stm32cubeide/plugins/com.st.stm32cube.ide.mcu.externaltools.gnu-tools-for-stm32.10.3-2021.10.win32_1.0.0.202111181127/tools/bin/../lib/gcc/arm-none-eabi/10.3.1/../../../../arm-none-eabi/lib/thumb/v7e-m+dp/hard\libc_nano.a(lib_a-malloc.o)
                0x000000000801034c                malloc
 .text.memcpy   0x000000000801035c       0x1c g:/cubeide/stm32cubeide_1.6.1/stm32cubeide/plugins/com.st.stm32cube.ide.mcu.externaltools.gnu-tools-for-stm32.10.3-2021.10.win32_1.0.0.202111181127/tools/bin/../lib/gcc/arm-none-eabi/10.3.1/../../../../arm-none-eabi/lib/thumb/v7e-m+dp/hard\libc_nano.a(lib_a-memcpy-stub.o)
                0x000000000801035c                memcpy
 .text._Balloc  0x0000000008010378       0x80 g:/cubeide/stm32cubeide_1.6.1/stm32cubeide/plugins/com.st.stm32cube.ide.mcu.externaltools.gnu-tools-for-stm32.10.3-2021.10.win32_1.0.0.202111181127/tools/bin/../lib/gcc/arm-none-eabi/10.3.1/../../../../arm-none-eabi/lib/thumb/v7e-m+dp/hard\libc_nano.a(lib_a-mprec.o)
                0x0000000008010378                _Balloc
 .text._Bfree   0x00000000080103f8       0x44 g:/cubeide/stm32cubeide_1.6.1/stm32cubeide/plugins/com.st.stm32cube.ide.mcu.externaltools.gnu-tools-for-stm32.10.3-2021.10.win32_1.0.0.202111181127/tools/bin/../lib/gcc/arm-none-eabi/10.3.1/../../../../arm-none-eabi/lib/thumb/v7e-m+dp/hard\libc_nano.a(lib_a-mprec.o)
                0x00000000080103f8                _Bfree
 .text.__multadd
                0x000000000801043c       0x8c g:/cubeide/stm32cubeide_1.6.1/stm32cubeide/plugins/com.st.stm32cube.ide.mcu.externaltools.gnu-tools-for-stm32.10.3-2021.10.win32_1.0.0.202111181127/tools/bin/../lib/gcc/arm-none-eabi/10.3.1/../../../../arm-none-eabi/lib/thumb/v7e-m+dp/hard\libc_nano.a(lib_a-mprec.o)
                0x000000000801043c                __multadd
 .text.__hi0bits
                0x00000000080104c8       0x40 g:/cubeide/stm32cubeide_1.6.1/stm32cubeide/plugins/com.st.stm32cube.ide.mcu.externaltools.gnu-tools-for-stm32.10.3-2021.10.win32_1.0.0.202111181127/tools/bin/../lib/gcc/arm-none-eabi/10.3.1/../../../../arm-none-eabi/lib/thumb/v7e-m+dp/hard\libc_nano.a(lib_a-mprec.o)
                0x00000000080104c8                __hi0bits
 .text.__lo0bits
                0x0000000008010508       0x5e g:/cubeide/stm32cubeide_1.6.1/stm32cubeide/plugins/com.st.stm32cube.ide.mcu.externaltools.gnu-tools-for-stm32.10.3-2021.10.win32_1.0.0.202111181127/tools/bin/../lib/gcc/arm-none-eabi/10.3.1/../../../../arm-none-eabi/lib/thumb/v7e-m+dp/hard\libc_nano.a(lib_a-mprec.o)
                0x0000000008010508                __lo0bits
 *fill*         0x0000000008010566        0x2 
 .text.__i2b    0x0000000008010568       0x2c g:/cubeide/stm32cubeide_1.6.1/stm32cubeide/plugins/com.st.stm32cube.ide.mcu.externaltools.gnu-tools-for-stm32.10.3-2021.10.win32_1.0.0.202111181127/tools/bin/../lib/gcc/arm-none-eabi/10.3.1/../../../../arm-none-eabi/lib/thumb/v7e-m+dp/hard\libc_nano.a(lib_a-mprec.o)
                0x0000000008010568                __i2b
 .text.__multiply
                0x0000000008010594      0x154 g:/cubeide/stm32cubeide_1.6.1/stm32cubeide/plugins/com.st.stm32cube.ide.mcu.externaltools.gnu-tools-for-stm32.10.3-2021.10.win32_1.0.0.202111181127/tools/bin/../lib/gcc/arm-none-eabi/10.3.1/../../../../arm-none-eabi/lib/thumb/v7e-m+dp/hard\libc_nano.a(lib_a-mprec.o)
                0x0000000008010594                __multiply
 .text.__pow5mult
                0x00000000080106e8       0xb4 g:/cubeide/stm32cubeide_1.6.1/stm32cubeide/plugins/com.st.stm32cube.ide.mcu.externaltools.gnu-tools-for-stm32.10.3-2021.10.win32_1.0.0.202111181127/tools/bin/../lib/gcc/arm-none-eabi/10.3.1/../../../../arm-none-eabi/lib/thumb/v7e-m+dp/hard\libc_nano.a(lib_a-mprec.o)
                0x00000000080106e8                __pow5mult
 .text.__lshift
                0x000000000801079c       0xe0 g:/cubeide/stm32cubeide_1.6.1/stm32cubeide/plugins/com.st.stm32cube.ide.mcu.externaltools.gnu-tools-for-stm32.10.3-2021.10.win32_1.0.0.202111181127/tools/bin/../lib/gcc/arm-none-eabi/10.3.1/../../../../arm-none-eabi/lib/thumb/v7e-m+dp/hard\libc_nano.a(lib_a-mprec.o)
                0x000000000801079c                __lshift
 .text.__mcmp   0x000000000801087c       0x38 g:/cubeide/stm32cubeide_1.6.1/stm32cubeide/plugins/com.st.stm32cube.ide.mcu.externaltools.gnu-tools-for-stm32.10.3-2021.10.win32_1.0.0.202111181127/tools/bin/../lib/gcc/arm-none-eabi/10.3.1/../../../../arm-none-eabi/lib/thumb/v7e-m+dp/hard\libc_nano.a(lib_a-mprec.o)
                0x000000000801087c                __mcmp
 .text.__mdiff  0x00000000080108b4      0x114 g:/cubeide/stm32cubeide_1.6.1/stm32cubeide/plugins/com.st.stm32cube.ide.mcu.externaltools.gnu-tools-for-stm32.10.3-2021.10.win32_1.0.0.202111181127/tools/bin/../lib/gcc/arm-none-eabi/10.3.1/../../../../arm-none-eabi/lib/thumb/v7e-m+dp/hard\libc_nano.a(lib_a-mprec.o)
                0x00000000080108b4                __mdiff
 .text.__d2b    0x00000000080109c8       0xb8 g:/cubeide/stm32cubeide_1.6.1/stm32cubeide/plugins/com.st.stm32cube.ide.mcu.externaltools.gnu-tools-for-stm32.10.3-2021.10.win32_1.0.0.202111181127/tools/bin/../lib/gcc/arm-none-eabi/10.3.1/../../../../arm-none-eabi/lib/thumb/v7e-m+dp/hard\libc_nano.a(lib_a-mprec.o)
                0x00000000080109c8                __d2b
 .text._calloc_r
                0x0000000008010a80       0x2c g:/cubeide/stm32cubeide_1.6.1/stm32cubeide/plugins/com.st.stm32cube.ide.mcu.externaltools.gnu-tools-for-stm32.10.3-2021.10.win32_1.0.0.202111181127/tools/bin/../lib/gcc/arm-none-eabi/10.3.1/../../../../arm-none-eabi/lib/thumb/v7e-m+dp/hard\libc_nano.a(lib_a-nano-callocr.o)
                0x0000000008010a80                _calloc_r
 .text._free_r  0x0000000008010aac       0x98 g:/cubeide/stm32cubeide_1.6.1/stm32cubeide/plugins/com.st.stm32cube.ide.mcu.externaltools.gnu-tools-for-stm32.10.3-2021.10.win32_1.0.0.202111181127/tools/bin/../lib/gcc/arm-none-eabi/10.3.1/../../../../arm-none-eabi/lib/thumb/v7e-m+dp/hard\libc_nano.a(lib_a-nano-freer.o)
                0x0000000008010aac                _free_r
 .text.sbrk_aligned
                0x0000000008010b44       0x40 g:/cubeide/stm32cubeide_1.6.1/stm32cubeide/plugins/com.st.stm32cube.ide.mcu.externaltools.gnu-tools-for-stm32.10.3-2021.10.win32_1.0.0.202111181127/tools/bin/../lib/gcc/arm-none-eabi/10.3.1/../../../../arm-none-eabi/lib/thumb/v7e-m+dp/hard\libc_nano.a(lib_a-nano-mallocr.o)
 .text._malloc_r
                0x0000000008010b84       0xe8 g:/cubeide/stm32cubeide_1.6.1/stm32cubeide/plugins/com.st.stm32cube.ide.mcu.externaltools.gnu-tools-for-stm32.10.3-2021.10.win32_1.0.0.202111181127/tools/bin/../lib/gcc/arm-none-eabi/10.3.1/../../../../arm-none-eabi/lib/thumb/v7e-m+dp/hard\libc_nano.a(lib_a-nano-mallocr.o)
                0x0000000008010b84                _malloc_r
 .text.__ssputs_r
                0x0000000008010c6c       0xb6 g:/cubeide/stm32cubeide_1.6.1/stm32cubeide/plugins/com.st.stm32cube.ide.mcu.externaltools.gnu-tools-for-stm32.10.3-2021.10.win32_1.0.0.202111181127/tools/bin/../lib/gcc/arm-none-eabi/10.3.1/../../../../arm-none-eabi/lib/thumb/v7e-m+dp/hard\libc_nano.a(lib_a-nano-svfprintf.o)
                0x0000000008010c6c                __ssputs_r
 *fill*         0x0000000008010d22        0x2 
 .text._svfprintf_r
                0x0000000008010d24      0x200 g:/cubeide/stm32cubeide_1.6.1/stm32cubeide/plugins/com.st.stm32cube.ide.mcu.externaltools.gnu-tools-for-stm32.10.3-2021.10.win32_1.0.0.202111181127/tools/bin/../lib/gcc/arm-none-eabi/10.3.1/../../../../arm-none-eabi/lib/thumb/v7e-m+dp/hard\libc_nano.a(lib_a-nano-svfprintf.o)
                0x0000000008010d24                _svfiprintf_r
                0x0000000008010d24                _svfprintf_r
 .text._sbrk_r  0x0000000008010f24       0x20 g:/cubeide/stm32cubeide_1.6.1/stm32cubeide/plugins/com.st.stm32cube.ide.mcu.externaltools.gnu-tools-for-stm32.10.3-2021.10.win32_1.0.0.202111181127/tools/bin/../lib/gcc/arm-none-eabi/10.3.1/../../../../arm-none-eabi/lib/thumb/v7e-m+dp/hard\libc_nano.a(lib_a-sbrkr.o)
                0x0000000008010f24                _sbrk_r
 .text.__assert_func
                0x0000000008010f44       0x3c g:/cubeide/stm32cubeide_1.6.1/stm32cubeide/plugins/com.st.stm32cube.ide.mcu.externaltools.gnu-tools-for-stm32.10.3-2021.10.win32_1.0.0.202111181127/tools/bin/../lib/gcc/arm-none-eabi/10.3.1/../../../../arm-none-eabi/lib/thumb/v7e-m+dp/hard\libc_nano.a(lib_a-assert.o)
                0x0000000008010f44                __assert_func
 .text.fprintf  0x0000000008010f80       0x24 g:/cubeide/stm32cubeide_1.6.1/stm32cubeide/plugins/com.st.stm32cube.ide.mcu.externaltools.gnu-tools-for-stm32.10.3-2021.10.win32_1.0.0.202111181127/tools/bin/../lib/gcc/arm-none-eabi/10.3.1/../../../../arm-none-eabi/lib/thumb/v7e-m+dp/hard\libc_nano.a(lib_a-fprintf.o)
                0x0000000008010f80                fiprintf
                0x0000000008010f80                fprintf
 .text.__ascii_mbtowc
                0x0000000008010fa4       0x24 g:/cubeide/stm32cubeide_1.6.1/stm32cubeide/plugins/com.st.stm32cube.ide.mcu.externaltools.gnu-tools-for-stm32.10.3-2021.10.win32_1.0.0.202111181127/tools/bin/../lib/gcc/arm-none-eabi/10.3.1/../../../../arm-none-eabi/lib/thumb/v7e-m+dp/hard\libc_nano.a(lib_a-mbtowc_r.o)
                0x0000000008010fa4                __ascii_mbtowc
 .text.memmove  0x0000000008010fc8       0x34 g:/cubeide/stm32cubeide_1.6.1/stm32cubeide/plugins/com.st.stm32cube.ide.mcu.externaltools.gnu-tools-for-stm32.10.3-2021.10.win32_1.0.0.202111181127/tools/bin/../lib/gcc/arm-none-eabi/10.3.1/../../../../arm-none-eabi/lib/thumb/v7e-m+dp/hard\libc_nano.a(lib_a-memmove.o)
                0x0000000008010fc8                memmove
 .text.__malloc_lock
                0x0000000008010ffc        0xc g:/cubeide/stm32cubeide_1.6.1/stm32cubeide/plugins/com.st.stm32cube.ide.mcu.externaltools.gnu-tools-for-stm32.10.3-2021.10.win32_1.0.0.202111181127/tools/bin/../lib/gcc/arm-none-eabi/10.3.1/../../../../arm-none-eabi/lib/thumb/v7e-m+dp/hard\libc_nano.a(lib_a-mlock.o)
                0x0000000008010ffc                __malloc_lock
 .text.__malloc_unlock
                0x0000000008011008        0xc g:/cubeide/stm32cubeide_1.6.1/stm32cubeide/plugins/com.st.stm32cube.ide.mcu.externaltools.gnu-tools-for-stm32.10.3-2021.10.win32_1.0.0.202111181127/tools/bin/../lib/gcc/arm-none-eabi/10.3.1/../../../../arm-none-eabi/lib/thumb/v7e-m+dp/hard\libc_nano.a(lib_a-mlock.o)
                0x0000000008011008                __malloc_unlock
 .text._realloc_r
                0x0000000008011014       0x5e g:/cubeide/stm32cubeide_1.6.1/stm32cubeide/plugins/com.st.stm32cube.ide.mcu.externaltools.gnu-tools-for-stm32.10.3-2021.10.win32_1.0.0.202111181127/tools/bin/../lib/gcc/arm-none-eabi/10.3.1/../../../../arm-none-eabi/lib/thumb/v7e-m+dp/hard\libc_nano.a(lib_a-nano-reallocr.o)
                0x0000000008011014                _realloc_r
 .text.__sfputc_r
                0x0000000008011072       0x2e g:/cubeide/stm32cubeide_1.6.1/stm32cubeide/plugins/com.st.stm32cube.ide.mcu.externaltools.gnu-tools-for-stm32.10.3-2021.10.win32_1.0.0.202111181127/tools/bin/../lib/gcc/arm-none-eabi/10.3.1/../../../../arm-none-eabi/lib/thumb/v7e-m+dp/hard\libc_nano.a(lib_a-nano-vfprintf.o)
 .text.__sfputs_r
                0x00000000080110a0       0x24 g:/cubeide/stm32cubeide_1.6.1/stm32cubeide/plugins/com.st.stm32cube.ide.mcu.externaltools.gnu-tools-for-stm32.10.3-2021.10.win32_1.0.0.202111181127/tools/bin/../lib/gcc/arm-none-eabi/10.3.1/../../../../arm-none-eabi/lib/thumb/v7e-m+dp/hard\libc_nano.a(lib_a-nano-vfprintf.o)
                0x00000000080110a0                __sfputs_r
 .text._vfprintf_r
                0x00000000080110c4      0x260 g:/cubeide/stm32cubeide_1.6.1/stm32cubeide/plugins/com.st.stm32cube.ide.mcu.externaltools.gnu-tools-for-stm32.10.3-2021.10.win32_1.0.0.202111181127/tools/bin/../lib/gcc/arm-none-eabi/10.3.1/../../../../arm-none-eabi/lib/thumb/v7e-m+dp/hard\libc_nano.a(lib_a-nano-vfprintf.o)
                0x00000000080110c4                _vfprintf_r
                0x00000000080110c4                _vfiprintf_r
 .text.__swbuf_r
                0x0000000008011324       0xa4 g:/cubeide/stm32cubeide_1.6.1/stm32cubeide/plugins/com.st.stm32cube.ide.mcu.externaltools.gnu-tools-for-stm32.10.3-2021.10.win32_1.0.0.202111181127/tools/bin/../lib/gcc/arm-none-eabi/10.3.1/../../../../arm-none-eabi/lib/thumb/v7e-m+dp/hard\libc_nano.a(lib_a-wbuf.o)
                0x0000000008011324                __swbuf_r
 .text.__ascii_wctomb
                0x00000000080113c8       0x1a g:/cubeide/stm32cubeide_1.6.1/stm32cubeide/plugins/com.st.stm32cube.ide.mcu.externaltools.gnu-tools-for-stm32.10.3-2021.10.win32_1.0.0.202111181127/tools/bin/../lib/gcc/arm-none-eabi/10.3.1/../../../../arm-none-eabi/lib/thumb/v7e-m+dp/hard\libc_nano.a(lib_a-wctomb_r.o)
                0x00000000080113c8                __ascii_wctomb
 *fill*         0x00000000080113e2        0x2 
 .text.__swsetup_r
                0x00000000080113e4       0xdc g:/cubeide/stm32cubeide_1.6.1/stm32cubeide/plugins/com.st.stm32cube.ide.mcu.externaltools.gnu-tools-for-stm32.10.3-2021.10.win32_1.0.0.202111181127/tools/bin/../lib/gcc/arm-none-eabi/10.3.1/../../../../arm-none-eabi/lib/thumb/v7e-m+dp/hard\libc_nano.a(lib_a-wsetup.o)
                0x00000000080113e4                __swsetup_r
 .text.abort    0x00000000080114c0        0xe g:/cubeide/stm32cubeide_1.6.1/stm32cubeide/plugins/com.st.stm32cube.ide.mcu.externaltools.gnu-tools-for-stm32.10.3-2021.10.win32_1.0.0.202111181127/tools/bin/../lib/gcc/arm-none-eabi/10.3.1/../../../../arm-none-eabi/lib/thumb/v7e-m+dp/hard\libc_nano.a(lib_a-abort.o)
                0x00000000080114c0                abort
 *fill*         0x00000000080114ce        0x2 
 .text.__sflush_r
                0x00000000080114d0      0x10c g:/cubeide/stm32cubeide_1.6.1/stm32cubeide/plugins/com.st.stm32cube.ide.mcu.externaltools.gnu-tools-for-stm32.10.3-2021.10.win32_1.0.0.202111181127/tools/bin/../lib/gcc/arm-none-eabi/10.3.1/../../../../arm-none-eabi/lib/thumb/v7e-m+dp/hard\libc_nano.a(lib_a-fflush.o)
                0x00000000080114d0                __sflush_r
 .text._fflush_r
                0x00000000080115dc       0x78 g:/cubeide/stm32cubeide_1.6.1/stm32cubeide/plugins/com.st.stm32cube.ide.mcu.externaltools.gnu-tools-for-stm32.10.3-2021.10.win32_1.0.0.202111181127/tools/bin/../lib/gcc/arm-none-eabi/10.3.1/../../../../arm-none-eabi/lib/thumb/v7e-m+dp/hard\libc_nano.a(lib_a-fflush.o)
                0x00000000080115dc                _fflush_r
 .text.std      0x0000000008011654       0x48 g:/cubeide/stm32cubeide_1.6.1/stm32cubeide/plugins/com.st.stm32cube.ide.mcu.externaltools.gnu-tools-for-stm32.10.3-2021.10.win32_1.0.0.202111181127/tools/bin/../lib/gcc/arm-none-eabi/10.3.1/../../../../arm-none-eabi/lib/thumb/v7e-m+dp/hard\libc_nano.a(lib_a-findfp.o)
 .text._cleanup_r
                0x000000000801169c        0xc g:/cubeide/stm32cubeide_1.6.1/stm32cubeide/plugins/com.st.stm32cube.ide.mcu.externaltools.gnu-tools-for-stm32.10.3-2021.10.win32_1.0.0.202111181127/tools/bin/../lib/gcc/arm-none-eabi/10.3.1/../../../../arm-none-eabi/lib/thumb/v7e-m+dp/hard\libc_nano.a(lib_a-findfp.o)
                0x000000000801169c                _cleanup_r
 .text.__sfmoreglue
                0x00000000080116a8       0x2c g:/cubeide/stm32cubeide_1.6.1/stm32cubeide/plugins/com.st.stm32cube.ide.mcu.externaltools.gnu-tools-for-stm32.10.3-2021.10.win32_1.0.0.202111181127/tools/bin/../lib/gcc/arm-none-eabi/10.3.1/../../../../arm-none-eabi/lib/thumb/v7e-m+dp/hard\libc_nano.a(lib_a-findfp.o)
                0x00000000080116a8                __sfmoreglue
 .text.__sfp_lock_acquire
                0x00000000080116d4        0xc g:/cubeide/stm32cubeide_1.6.1/stm32cubeide/plugins/com.st.stm32cube.ide.mcu.externaltools.gnu-tools-for-stm32.10.3-2021.10.win32_1.0.0.202111181127/tools/bin/../lib/gcc/arm-none-eabi/10.3.1/../../../../arm-none-eabi/lib/thumb/v7e-m+dp/hard\libc_nano.a(lib_a-findfp.o)
                0x00000000080116d4                __sfp_lock_acquire
 .text.__sfp_lock_release
                0x00000000080116e0        0xc g:/cubeide/stm32cubeide_1.6.1/stm32cubeide/plugins/com.st.stm32cube.ide.mcu.externaltools.gnu-tools-for-stm32.10.3-2021.10.win32_1.0.0.202111181127/tools/bin/../lib/gcc/arm-none-eabi/10.3.1/../../../../arm-none-eabi/lib/thumb/v7e-m+dp/hard\libc_nano.a(lib_a-findfp.o)
                0x00000000080116e0                __sfp_lock_release
 .text.__sinit_lock_acquire
                0x00000000080116ec        0xc g:/cubeide/stm32cubeide_1.6.1/stm32cubeide/plugins/com.st.stm32cube.ide.mcu.externaltools.gnu-tools-for-stm32.10.3-2021.10.win32_1.0.0.202111181127/tools/bin/../lib/gcc/arm-none-eabi/10.3.1/../../../../arm-none-eabi/lib/thumb/v7e-m+dp/hard\libc_nano.a(lib_a-findfp.o)
                0x00000000080116ec                __sinit_lock_acquire
 .text.__sinit_lock_release
                0x00000000080116f8        0xc g:/cubeide/stm32cubeide_1.6.1/stm32cubeide/plugins/com.st.stm32cube.ide.mcu.externaltools.gnu-tools-for-stm32.10.3-2021.10.win32_1.0.0.202111181127/tools/bin/../lib/gcc/arm-none-eabi/10.3.1/../../../../arm-none-eabi/lib/thumb/v7e-m+dp/hard\libc_nano.a(lib_a-findfp.o)
                0x00000000080116f8                __sinit_lock_release
 .text.__sinit  0x0000000008011704       0x70 g:/cubeide/stm32cubeide_1.6.1/stm32cubeide/plugins/com.st.stm32cube.ide.mcu.externaltools.gnu-tools-for-stm32.10.3-2021.10.win32_1.0.0.202111181127/tools/bin/../lib/gcc/arm-none-eabi/10.3.1/../../../../arm-none-eabi/lib/thumb/v7e-m+dp/hard\libc_nano.a(lib_a-findfp.o)
                0x0000000008011704                __sinit
 .text.__sfp    0x0000000008011774       0x8c g:/cubeide/stm32cubeide_1.6.1/stm32cubeide/plugins/com.st.stm32cube.ide.mcu.externaltools.gnu-tools-for-stm32.10.3-2021.10.win32_1.0.0.202111181127/tools/bin/../lib/gcc/arm-none-eabi/10.3.1/../../../../arm-none-eabi/lib/thumb/v7e-m+dp/hard\libc_nano.a(lib_a-findfp.o)
                0x0000000008011774                __sfp
 .text._fwalk_reent
                0x0000000008011800       0x3e g:/cubeide/stm32cubeide_1.6.1/stm32cubeide/plugins/com.st.stm32cube.ide.mcu.externaltools.gnu-tools-for-stm32.10.3-2021.10.win32_1.0.0.202111181127/tools/bin/../lib/gcc/arm-none-eabi/10.3.1/../../../../arm-none-eabi/lib/thumb/v7e-m+dp/hard\libc_nano.a(lib_a-fwalk.o)
                0x0000000008011800                _fwalk_reent
 .text.__retarget_lock_init_recursive
                0x000000000801183e        0x2 g:/cubeide/stm32cubeide_1.6.1/stm32cubeide/plugins/com.st.stm32cube.ide.mcu.externaltools.gnu-tools-for-stm32.10.3-2021.10.win32_1.0.0.202111181127/tools/bin/../lib/gcc/arm-none-eabi/10.3.1/../../../../arm-none-eabi/lib/thumb/v7e-m+dp/hard\libc_nano.a(lib_a-lock.o)
                0x000000000801183e                __retarget_lock_init_recursive
 .text.__retarget_lock_acquire_recursive
                0x0000000008011840        0x2 g:/cubeide/stm32cubeide_1.6.1/stm32cubeide/plugins/com.st.stm32cube.ide.mcu.externaltools.gnu-tools-for-stm32.10.3-2021.10.win32_1.0.0.202111181127/tools/bin/../lib/gcc/arm-none-eabi/10.3.1/../../../../arm-none-eabi/lib/thumb/v7e-m+dp/hard\libc_nano.a(lib_a-lock.o)
                0x0000000008011840                __retarget_lock_acquire_recursive
 .text.__retarget_lock_release_recursive
                0x0000000008011842        0x2 g:/cubeide/stm32cubeide_1.6.1/stm32cubeide/plugins/com.st.stm32cube.ide.mcu.externaltools.gnu-tools-for-stm32.10.3-2021.10.win32_1.0.0.202111181127/tools/bin/../lib/gcc/arm-none-eabi/10.3.1/../../../../arm-none-eabi/lib/thumb/v7e-m+dp/hard\libc_nano.a(lib_a-lock.o)
                0x0000000008011842                __retarget_lock_release_recursive
 .text.__swhatbuf_r
                0x0000000008011844       0x4a g:/cubeide/stm32cubeide_1.6.1/stm32cubeide/plugins/com.st.stm32cube.ide.mcu.externaltools.gnu-tools-for-stm32.10.3-2021.10.win32_1.0.0.202111181127/tools/bin/../lib/gcc/arm-none-eabi/10.3.1/../../../../arm-none-eabi/lib/thumb/v7e-m+dp/hard\libc_nano.a(lib_a-makebuf.o)
                0x0000000008011844                __swhatbuf_r
 *fill*         0x000000000801188e        0x2 
 .text.__smakebuf_r
                0x0000000008011890       0x80 g:/cubeide/stm32cubeide_1.6.1/stm32cubeide/plugins/com.st.stm32cube.ide.mcu.externaltools.gnu-tools-for-stm32.10.3-2021.10.win32_1.0.0.202111181127/tools/bin/../lib/gcc/arm-none-eabi/10.3.1/../../../../arm-none-eabi/lib/thumb/v7e-m+dp/hard\libc_nano.a(lib_a-makebuf.o)
                0x0000000008011890                __smakebuf_r
 .text._malloc_usable_size_r
                0x0000000008011910       0x10 g:/cubeide/stm32cubeide_1.6.1/stm32cubeide/plugins/com.st.stm32cube.ide.mcu.externaltools.gnu-tools-for-stm32.10.3-2021.10.win32_1.0.0.202111181127/tools/bin/../lib/gcc/arm-none-eabi/10.3.1/../../../../arm-none-eabi/lib/thumb/v7e-m+dp/hard\libc_nano.a(lib_a-nano-msizer.o)
                0x0000000008011910                _malloc_usable_size_r
 .text._raise_r
                0x0000000008011920       0x50 g:/cubeide/stm32cubeide_1.6.1/stm32cubeide/plugins/com.st.stm32cube.ide.mcu.externaltools.gnu-tools-for-stm32.10.3-2021.10.win32_1.0.0.202111181127/tools/bin/../lib/gcc/arm-none-eabi/10.3.1/../../../../arm-none-eabi/lib/thumb/v7e-m+dp/hard\libc_nano.a(lib_a-signal.o)
                0x0000000008011920                _raise_r
 .text.raise    0x0000000008011970       0x10 g:/cubeide/stm32cubeide_1.6.1/stm32cubeide/plugins/com.st.stm32cube.ide.mcu.externaltools.gnu-tools-for-stm32.10.3-2021.10.win32_1.0.0.202111181127/tools/bin/../lib/gcc/arm-none-eabi/10.3.1/../../../../arm-none-eabi/lib/thumb/v7e-m+dp/hard\libc_nano.a(lib_a-signal.o)
                0x0000000008011970                raise
 .text._kill_r  0x0000000008011980       0x24 g:/cubeide/stm32cubeide_1.6.1/stm32cubeide/plugins/com.st.stm32cube.ide.mcu.externaltools.gnu-tools-for-stm32.10.3-2021.10.win32_1.0.0.202111181127/tools/bin/../lib/gcc/arm-none-eabi/10.3.1/../../../../arm-none-eabi/lib/thumb/v7e-m+dp/hard\libc_nano.a(lib_a-signalr.o)
                0x0000000008011980                _kill_r
 .text._getpid_r
                0x00000000080119a4        0x4 g:/cubeide/stm32cubeide_1.6.1/stm32cubeide/plugins/com.st.stm32cube.ide.mcu.externaltools.gnu-tools-for-stm32.10.3-2021.10.win32_1.0.0.202111181127/tools/bin/../lib/gcc/arm-none-eabi/10.3.1/../../../../arm-none-eabi/lib/thumb/v7e-m+dp/hard\libc_nano.a(lib_a-signalr.o)
                0x00000000080119a4                _getpid_r
 .text.__sread  0x00000000080119a8       0x22 g:/cubeide/stm32cubeide_1.6.1/stm32cubeide/plugins/com.st.stm32cube.ide.mcu.externaltools.gnu-tools-for-stm32.10.3-2021.10.win32_1.0.0.202111181127/tools/bin/../lib/gcc/arm-none-eabi/10.3.1/../../../../arm-none-eabi/lib/thumb/v7e-m+dp/hard\libc_nano.a(lib_a-stdio.o)
                0x00000000080119a8                __sread
 .text.__swrite
                0x00000000080119ca       0x38 g:/cubeide/stm32cubeide_1.6.1/stm32cubeide/plugins/com.st.stm32cube.ide.mcu.externaltools.gnu-tools-for-stm32.10.3-2021.10.win32_1.0.0.202111181127/tools/bin/../lib/gcc/arm-none-eabi/10.3.1/../../../../arm-none-eabi/lib/thumb/v7e-m+dp/hard\libc_nano.a(lib_a-stdio.o)
                0x00000000080119ca                __swrite
 .text.__sseek  0x0000000008011a02       0x24 g:/cubeide/stm32cubeide_1.6.1/stm32cubeide/plugins/com.st.stm32cube.ide.mcu.externaltools.gnu-tools-for-stm32.10.3-2021.10.win32_1.0.0.202111181127/tools/bin/../lib/gcc/arm-none-eabi/10.3.1/../../../../arm-none-eabi/lib/thumb/v7e-m+dp/hard\libc_nano.a(lib_a-stdio.o)
                0x0000000008011a02                __sseek
 .text.__sclose
                0x0000000008011a26        0x8 g:/cubeide/stm32cubeide_1.6.1/stm32cubeide/plugins/com.st.stm32cube.ide.mcu.externaltools.gnu-tools-for-stm32.10.3-2021.10.win32_1.0.0.202111181127/tools/bin/../lib/gcc/arm-none-eabi/10.3.1/../../../../arm-none-eabi/lib/thumb/v7e-m+dp/hard\libc_nano.a(lib_a-stdio.o)
                0x0000000008011a26                __sclose
 *fill*         0x0000000008011a2e        0x2 
 .text._write_r
                0x0000000008011a30       0x24 g:/cubeide/stm32cubeide_1.6.1/stm32cubeide/plugins/com.st.stm32cube.ide.mcu.externaltools.gnu-tools-for-stm32.10.3-2021.10.win32_1.0.0.202111181127/tools/bin/../lib/gcc/arm-none-eabi/10.3.1/../../../../arm-none-eabi/lib/thumb/v7e-m+dp/hard\libc_nano.a(lib_a-writer.o)
                0x0000000008011a30                _write_r
 .text._close_r
                0x0000000008011a54       0x20 g:/cubeide/stm32cubeide_1.6.1/stm32cubeide/plugins/com.st.stm32cube.ide.mcu.externaltools.gnu-tools-for-stm32.10.3-2021.10.win32_1.0.0.202111181127/tools/bin/../lib/gcc/arm-none-eabi/10.3.1/../../../../arm-none-eabi/lib/thumb/v7e-m+dp/hard\libc_nano.a(lib_a-closer.o)
                0x0000000008011a54                _close_r
 .text._fstat_r
                0x0000000008011a74       0x24 g:/cubeide/stm32cubeide_1.6.1/stm32cubeide/plugins/com.st.stm32cube.ide.mcu.externaltools.gnu-tools-for-stm32.10.3-2021.10.win32_1.0.0.202111181127/tools/bin/../lib/gcc/arm-none-eabi/10.3.1/../../../../arm-none-eabi/lib/thumb/v7e-m+dp/hard\libc_nano.a(lib_a-fstatr.o)
                0x0000000008011a74                _fstat_r
 .text._isatty_r
                0x0000000008011a98       0x20 g:/cubeide/stm32cubeide_1.6.1/stm32cubeide/plugins/com.st.stm32cube.ide.mcu.externaltools.gnu-tools-for-stm32.10.3-2021.10.win32_1.0.0.202111181127/tools/bin/../lib/gcc/arm-none-eabi/10.3.1/../../../../arm-none-eabi/lib/thumb/v7e-m+dp/hard\libc_nano.a(lib_a-isattyr.o)
                0x0000000008011a98                _isatty_r
 .text._lseek_r
                0x0000000008011ab8       0x24 g:/cubeide/stm32cubeide_1.6.1/stm32cubeide/plugins/com.st.stm32cube.ide.mcu.externaltools.gnu-tools-for-stm32.10.3-2021.10.win32_1.0.0.202111181127/tools/bin/../lib/gcc/arm-none-eabi/10.3.1/../../../../arm-none-eabi/lib/thumb/v7e-m+dp/hard\libc_nano.a(lib_a-lseekr.o)
                0x0000000008011ab8                _lseek_r
 .text._read_r  0x0000000008011adc       0x24 g:/cubeide/stm32cubeide_1.6.1/stm32cubeide/plugins/com.st.stm32cube.ide.mcu.externaltools.gnu-tools-for-stm32.10.3-2021.10.win32_1.0.0.202111181127/tools/bin/../lib/gcc/arm-none-eabi/10.3.1/../../../../arm-none-eabi/lib/thumb/v7e-m+dp/hard\libc_nano.a(lib_a-readr.o)
                0x0000000008011adc                _read_r
 .text.sinf_poly
                0x0000000008011b00       0x54 g:/cubeide/stm32cubeide_1.6.1/stm32cubeide/plugins/com.st.stm32cube.ide.mcu.externaltools.gnu-tools-for-stm32.10.3-2021.10.win32_1.0.0.202111181127/tools/bin/../lib/gcc/arm-none-eabi/10.3.1/../../../../arm-none-eabi/lib/thumb/v7e-m+dp/hard\libm.a(lib_a-cosf.o)
 *fill*         0x0000000008011b54        0x4 
 .text.cosf     0x0000000008011b58      0x148 g:/cubeide/stm32cubeide_1.6.1/stm32cubeide/plugins/com.st.stm32cube.ide.mcu.externaltools.gnu-tools-for-stm32.10.3-2021.10.win32_1.0.0.202111181127/tools/bin/../lib/gcc/arm-none-eabi/10.3.1/../../../../arm-none-eabi/lib/thumb/v7e-m+dp/hard\libm.a(lib_a-cosf.o)
                0x0000000008011b58                cosf
 .text.with_errnof
                0x0000000008011ca0       0x16 g:/cubeide/stm32cubeide_1.6.1/stm32cubeide/plugins/com.st.stm32cube.ide.mcu.externaltools.gnu-tools-for-stm32.10.3-2021.10.win32_1.0.0.202111181127/tools/bin/../lib/gcc/arm-none-eabi/10.3.1/../../../../arm-none-eabi/lib/thumb/v7e-m+dp/hard\libm.a(lib_a-math_errf.o)
 .text.__math_invalidf
                0x0000000008011cb6       0x1e g:/cubeide/stm32cubeide_1.6.1/stm32cubeide/plugins/com.st.stm32cube.ide.mcu.externaltools.gnu-tools-for-stm32.10.3-2021.10.win32_1.0.0.202111181127/tools/bin/../lib/gcc/arm-none-eabi/10.3.1/../../../../arm-none-eabi/lib/thumb/v7e-m+dp/hard\libm.a(lib_a-math_errf.o)
                0x0000000008011cb6                __math_invalidf
 *fill*         0x0000000008011cd4        0x4 
 .text.atan     0x0000000008011cd8      0x1f4 g:/cubeide/stm32cubeide_1.6.1/stm32cubeide/plugins/com.st.stm32cube.ide.mcu.externaltools.gnu-tools-for-stm32.10.3-2021.10.win32_1.0.0.202111181127/tools/bin/../lib/gcc/arm-none-eabi/10.3.1/../../../../arm-none-eabi/lib/thumb/v7e-m+dp/hard\libm.a(lib_a-s_atan.o)
                0x0000000008011cd8                atan
 .text.fabs     0x0000000008011ecc       0x12 g:/cubeide/stm32cubeide_1.6.1/stm32cubeide/plugins/com.st.stm32cube.ide.mcu.externaltools.gnu-tools-for-stm32.10.3-2021.10.win32_1.0.0.202111181127/tools/bin/../lib/gcc/arm-none-eabi/10.3.1/../../../../arm-none-eabi/lib/thumb/v7e-m+dp/hard\libm.a(lib_a-s_fabs.o)
                0x0000000008011ecc                fabs
 *fill*         0x0000000008011ede        0x2 
 .text.tan      0x0000000008011ee0       0x68 g:/cubeide/stm32cubeide_1.6.1/stm32cubeide/plugins/com.st.stm32cube.ide.mcu.externaltools.gnu-tools-for-stm32.10.3-2021.10.win32_1.0.0.202111181127/tools/bin/../lib/gcc/arm-none-eabi/10.3.1/../../../../arm-none-eabi/lib/thumb/v7e-m+dp/hard\libm.a(lib_a-s_tan.o)
                0x0000000008011ee0                tan
 .text.atan2    0x0000000008011f48        0x4 g:/cubeide/stm32cubeide_1.6.1/stm32cubeide/plugins/com.st.stm32cube.ide.mcu.externaltools.gnu-tools-for-stm32.10.3-2021.10.win32_1.0.0.202111181127/tools/bin/../lib/gcc/arm-none-eabi/10.3.1/../../../../arm-none-eabi/lib/thumb/v7e-m+dp/hard\libm.a(lib_a-w_atan2.o)
                0x0000000008011f48                atan2
 *fill*         0x0000000008011f4c        0x4 
 .text.sqrt     0x0000000008011f50       0x40 g:/cubeide/stm32cubeide_1.6.1/stm32cubeide/plugins/com.st.stm32cube.ide.mcu.externaltools.gnu-tools-for-stm32.10.3-2021.10.win32_1.0.0.202111181127/tools/bin/../lib/gcc/arm-none-eabi/10.3.1/../../../../arm-none-eabi/lib/thumb/v7e-m+dp/hard\libm.a(lib_a-w_sqrt.o)
                0x0000000008011f50                sqrt
 .text.sqrtf    0x0000000008011f90       0x3c g:/cubeide/stm32cubeide_1.6.1/stm32cubeide/plugins/com.st.stm32cube.ide.mcu.externaltools.gnu-tools-for-stm32.10.3-2021.10.win32_1.0.0.202111181127/tools/bin/../lib/gcc/arm-none-eabi/10.3.1/../../../../arm-none-eabi/lib/thumb/v7e-m+dp/hard\libm.a(lib_a-wf_sqrt.o)
                0x0000000008011f90                sqrtf
 *fill*         0x0000000008011fcc        0x4 
 .text.__ieee754_atan2
                0x0000000008011fd0      0x184 g:/cubeide/stm32cubeide_1.6.1/stm32cubeide/plugins/com.st.stm32cube.ide.mcu.externaltools.gnu-tools-for-stm32.10.3-2021.10.win32_1.0.0.202111181127/tools/bin/../lib/gcc/arm-none-eabi/10.3.1/../../../../arm-none-eabi/lib/thumb/v7e-m+dp/hard\libm.a(lib_a-e_atan2.o)
                0x0000000008011fd0                __ieee754_atan2
 *fill*         0x0000000008012154        0x4 
 .text.__ieee754_rem_pio2
                0x0000000008012158      0x288 g:/cubeide/stm32cubeide_1.6.1/stm32cubeide/plugins/com.st.stm32cube.ide.mcu.externaltools.gnu-tools-for-stm32.10.3-2021.10.win32_1.0.0.202111181127/tools/bin/../lib/gcc/arm-none-eabi/10.3.1/../../../../arm-none-eabi/lib/thumb/v7e-m+dp/hard\libm.a(lib_a-e_rem_pio2.o)
                0x0000000008012158                __ieee754_rem_pio2
 .text.__ieee754_sqrt
                0x00000000080123e0        0x6 g:/cubeide/stm32cubeide_1.6.1/stm32cubeide/plugins/com.st.stm32cube.ide.mcu.externaltools.gnu-tools-for-stm32.10.3-2021.10.win32_1.0.0.202111181127/tools/bin/../lib/gcc/arm-none-eabi/10.3.1/../../../../arm-none-eabi/lib/thumb/v7e-m+dp/hard\libm.a(lib_a-e_sqrt.o)
                0x00000000080123e0                __ieee754_sqrt
 .text.__ieee754_sqrtf
                0x00000000080123e6        0x6 g:/cubeide/stm32cubeide_1.6.1/stm32cubeide/plugins/com.st.stm32cube.ide.mcu.externaltools.gnu-tools-for-stm32.10.3-2021.10.win32_1.0.0.202111181127/tools/bin/../lib/gcc/arm-none-eabi/10.3.1/../../../../arm-none-eabi/lib/thumb/v7e-m+dp/hard\libm.a(lib_a-ef_sqrt.o)
                0x00000000080123e6                __ieee754_sqrtf
 *fill*         0x00000000080123ec        0x4 
 .text.__kernel_rem_pio2
                0x00000000080123f0      0x530 g:/cubeide/stm32cubeide_1.6.1/stm32cubeide/plugins/com.st.stm32cube.ide.mcu.externaltools.gnu-tools-for-stm32.10.3-2021.10.win32_1.0.0.202111181127/tools/bin/../lib/gcc/arm-none-eabi/10.3.1/../../../../arm-none-eabi/lib/thumb/v7e-m+dp/hard\libm.a(lib_a-k_rem_pio2.o)
                0x00000000080123f0                __kernel_rem_pio2
 .text.__kernel_tan
                0x0000000008012920      0x230 g:/cubeide/stm32cubeide_1.6.1/stm32cubeide/plugins/com.st.stm32cube.ide.mcu.externaltools.gnu-tools-for-stm32.10.3-2021.10.win32_1.0.0.202111181127/tools/bin/../lib/gcc/arm-none-eabi/10.3.1/../../../../arm-none-eabi/lib/thumb/v7e-m+dp/hard\libm.a(lib_a-k_tan.o)
                0x0000000008012920                __kernel_tan
 .text.floor    0x0000000008012b50       0xe8 g:/cubeide/stm32cubeide_1.6.1/stm32cubeide/plugins/com.st.stm32cube.ide.mcu.externaltools.gnu-tools-for-stm32.10.3-2021.10.win32_1.0.0.202111181127/tools/bin/../lib/gcc/arm-none-eabi/10.3.1/../../../../arm-none-eabi/lib/thumb/v7e-m+dp/hard\libm.a(lib_a-s_floor.o)
                0x0000000008012b50                floor
 .text.scalbn   0x0000000008012c38      0x114 g:/cubeide/stm32cubeide_1.6.1/stm32cubeide/plugins/com.st.stm32cube.ide.mcu.externaltools.gnu-tools-for-stm32.10.3-2021.10.win32_1.0.0.202111181127/tools/bin/../lib/gcc/arm-none-eabi/10.3.1/../../../../arm-none-eabi/lib/thumb/v7e-m+dp/hard\libm.a(lib_a-s_scalbn.o)
                0x0000000008012c38                scalbn
 *(.glue_7)
 .glue_7        0x0000000008012d4c        0x0 linker stubs
 *(.glue_7t)
 .glue_7t       0x0000000008012d4c        0x0 linker stubs
 *(.eh_frame)
 .eh_frame      0x0000000008012d4c        0x0 g:/cubeide/stm32cubeide_1.6.1/stm32cubeide/plugins/com.st.stm32cube.ide.mcu.externaltools.gnu-tools-for-stm32.10.3-2021.10.win32_1.0.0.202111181127/tools/bin/../lib/gcc/arm-none-eabi/10.3.1/thumb/v7e-m+dp/hard/crtbegin.o
 *(.init)
 .init          0x0000000008012d4c        0x4 g:/cubeide/stm32cubeide_1.6.1/stm32cubeide/plugins/com.st.stm32cube.ide.mcu.externaltools.gnu-tools-for-stm32.10.3-2021.10.win32_1.0.0.202111181127/tools/bin/../lib/gcc/arm-none-eabi/10.3.1/thumb/v7e-m+dp/hard/crti.o
                0x0000000008012d4c                _init